0 verbose cli C:\Program Files\nodejs\node.exe C:\Program Files\nodejs\node_modules\npm\bin\npm-cli.js
1 info using npm@10.9.2
2 info using node@v23.10.0
3 silly config load:file:C:\Program Files\nodejs\node_modules\npm\npmrc
4 silly config load:file:E:\table\eenous\.npmrc
5 silly config load:file:C:\Users\zhoukai\cadence\Cadence\SPB_Data\.npmrc
6 silly config load:file:C:\Program Files\nodejs\node_global\etc\npmrc
7 verbose title npm install bcryptjs
8 verbose argv "install" "bcryptjs"
9 verbose logfile logs-max:10 dir:E:\table\eenous\npm-cache\_logs\2025-07-16T10_22_01_068Z-
10 verbose logfile E:\table\eenous\npm-cache\_logs\2025-07-16T10_22_01_068Z-debug-0.log
11 silly logfile done cleaning log files
12 silly packumentCache heap:4345298944 maxSize:1086324736 maxEntrySize:543162368
13 silly idealTree buildDeps
14 silly fetch manifest bcryptjs@^2.4.3
15 silly packumentCache full:https://registry.npm.taobao.org/bcryptjs cache-miss
16 verbose shrinkwrap failed to load node_modules/.package-lock.json out of date, updated: node_modules
17 http cache https://registry.npmmirror.com/bcryptjs 198ms (cache hit)
18 silly packumentCache full:https://registry.npm.taobao.org/bcryptjs set size:75392 disposed:false
19 silly placeDep ROOT bcryptjs@2.4.3 OK for: modern-enterprise-website@0.1.0 want: ^2.4.3
20 silly reify moves {}
21 silly audit bulk request {
21 silly audit   '@alloc/quick-lru': [ '5.2.0' ],
21 silly audit   '@ant-design/colors': [ '7.2.0' ],
21 silly audit   '@ant-design/cssinjs': [ '1.23.0' ],
21 silly audit   '@ant-design/fast-color': [ '2.0.6' ],
21 silly audit   '@ant-design/icons': [ '5.6.1' ],
21 silly audit   '@ant-design/icons-svg': [ '4.4.2' ],
21 silly audit   '@ant-design/react-slick': [ '1.0.2' ],
21 silly audit   '@babel/runtime': [ '7.26.9' ],
21 silly audit   '@ctrl/tinycolor': [ '3.6.1' ],
21 silly audit   '@emotion/hash': [ '0.8.0' ],
21 silly audit   '@emotion/is-prop-valid': [ '0.8.8' ],
21 silly audit   '@emotion/memoize': [ '0.7.4' ],
21 silly audit   '@emotion/unitless': [ '0.7.5' ],
21 silly audit   '@eslint-community/eslint-utils': [ '4.4.1' ],
21 silly audit   '@eslint-community/regexpp': [ '4.12.1' ],
21 silly audit   '@eslint/eslintrc': [ '2.1.4' ],
21 silly audit   '@eslint/js': [ '8.49.0' ],
21 silly audit   '@humanwhocodes/config-array': [ '0.11.14' ],
21 silly audit   '@humanwhocodes/module-importer': [ '1.0.1' ],
21 silly audit   '@humanwhocodes/object-schema': [ '2.0.3' ],
21 silly audit   '@isaacs/cliui': [ '8.0.2' ],
21 silly audit   'ansi-regex': [ '6.1.0', '5.0.1' ],
21 silly audit   'strip-ansi': [ '7.1.0', '6.0.1' ],
21 silly audit   '@jridgewell/gen-mapping': [ '0.3.8' ],
21 silly audit   '@jridgewell/resolve-uri': [ '3.1.2' ],
21 silly audit   '@jridgewell/set-array': [ '1.2.1' ],
21 silly audit   '@jridgewell/sourcemap-codec': [ '1.5.0' ],
21 silly audit   '@jridgewell/trace-mapping': [ '0.3.25' ],
21 silly audit   '@next/env': [ '13.4.19' ],
21 silly audit   '@next/eslint-plugin-next': [ '13.4.19' ],
21 silly audit   '@next/swc-darwin-arm64': [ '13.4.19' ],
21 silly audit   '@next/swc-darwin-x64': [ '13.4.19' ],
21 silly audit   '@next/swc-linux-arm64-gnu': [ '13.4.19' ],
21 silly audit   '@next/swc-linux-arm64-musl': [ '13.4.19' ],
21 silly audit   '@next/swc-linux-x64-gnu': [ '13.4.19' ],
21 silly audit   '@next/swc-linux-x64-musl': [ '13.4.19' ],
21 silly audit   '@next/swc-win32-arm64-msvc': [ '13.4.19' ],
21 silly audit   '@next/swc-win32-ia32-msvc': [ '13.4.19' ],
21 silly audit   '@next/swc-win32-x64-msvc': [ '13.4.19' ],
21 silly audit   '@nodelib/fs.scandir': [ '2.1.5' ],
21 silly audit   '@nodelib/fs.stat': [ '2.0.5' ],
21 silly audit   '@nodelib/fs.walk': [ '1.2.8' ],
21 silly audit   '@nolyfill/is-core-module': [ '1.0.39' ],
21 silly audit   '@pkgjs/parseargs': [ '0.11.0' ],
21 silly audit   '@rc-component/color-picker': [ '1.4.1' ],
21 silly audit   '@rc-component/context': [ '1.4.0' ],
21 silly audit   '@rc-component/mini-decimal': [ '1.1.0' ],
21 silly audit   '@rc-component/mutate-observer': [ '1.1.0' ],
21 silly audit   '@rc-component/portal': [ '1.1.2' ],
21 silly audit   '@rc-component/tour': [ '1.8.1' ],
21 silly audit   '@rc-component/trigger': [ '1.18.3' ],
21 silly audit   '@rtsao/scc': [ '1.1.0' ],
21 silly audit   '@rushstack/eslint-patch': [ '1.10.5' ],
21 silly audit   '@swc/helpers': [ '0.5.1' ],
21 silly audit   '@types/json5': [ '0.0.29' ],
21 silly audit   '@types/node': [ '22.13.10' ],
21 silly audit   '@types/react': [ '19.0.10' ],
21 silly audit   '@typescript-eslint/parser': [ '6.21.0' ],
21 silly audit   '@typescript-eslint/scope-manager': [ '6.21.0' ],
21 silly audit   '@typescript-eslint/types': [ '6.21.0' ],
21 silly audit   '@typescript-eslint/typescript-estree': [ '6.21.0' ],
21 silly audit   'brace-expansion': [ '2.0.1', '1.1.11' ],
21 silly audit   minimatch: [ '9.0.3', '3.1.2', '9.0.5' ],
21 silly audit   '@typescript-eslint/visitor-keys': [ '6.21.0' ],
21 silly audit   acorn: [ '8.14.1' ],
21 silly audit   'acorn-jsx': [ '5.3.2' ],
21 silly audit   ajv: [ '6.12.6' ],
21 silly audit   'ansi-styles': [ '4.3.0', '6.2.1' ],
21 silly audit   antd: [ '5.8.6' ],
21 silly audit   'any-promise': [ '1.3.0' ],
21 silly audit   anymatch: [ '3.1.3' ],
21 silly audit   arg: [ '5.0.2' ],
21 silly audit   argparse: [ '2.0.1' ],
21 silly audit   'aria-query': [ '5.3.2' ],
21 silly audit   'array-buffer-byte-length': [ '1.0.2' ],
21 silly audit   'array-includes': [ '3.1.8' ],
21 silly audit   'array-tree-filter': [ '2.1.0' ],
21 silly audit   'array-union': [ '2.1.0' ],
21 silly audit   'array.prototype.findlast': [ '1.2.5' ],
21 silly audit   'array.prototype.findlastindex': [ '1.2.5' ],
21 silly audit   'array.prototype.flat': [ '1.3.3' ],
21 silly audit   'array.prototype.flatmap': [ '1.3.3' ],
21 silly audit   'array.prototype.tosorted': [ '1.1.4' ],
21 silly audit   'arraybuffer.prototype.slice': [ '1.0.4' ],
21 silly audit   'ast-types-flow': [ '0.0.8' ],
21 silly audit   'async-function': [ '1.0.0' ],
21 silly audit   'async-validator': [ '4.2.5' ],
21 silly audit   autoprefixer: [ '10.4.15' ],
21 silly audit   'available-typed-arrays': [ '1.0.7' ],
21 silly audit   'axe-core': [ '4.10.3' ],
21 silly audit   'axobject-query': [ '4.1.0' ],
21 silly audit   'balanced-match': [ '1.0.2' ],
21 silly audit   'binary-extensions': [ '2.3.0' ],
21 silly audit   braces: [ '3.0.3' ],
21 silly audit   browserslist: [ '4.24.4' ],
21 silly audit   busboy: [ '1.6.0' ],
21 silly audit   'call-bind': [ '1.0.8' ],
21 silly audit   'call-bind-apply-helpers': [ '1.0.2' ],
21 silly audit   'call-bound': [ '1.0.4' ],
21 silly audit   callsites: [ '3.1.0' ],
21 silly audit   'camelcase-css': [ '2.0.1' ],
21 silly audit   'caniuse-lite': [ '1.0.30001703' ],
21 silly audit   chalk: [ '4.1.2' ],
21 silly audit   chokidar: [ '3.6.0' ],
21 silly audit   'glob-parent': [ '5.1.2', '6.0.2' ],
21 silly audit   classnames: [ '2.5.1' ],
21 silly audit   'client-only': [ '0.0.1' ],
21 silly audit   'color-convert': [ '2.0.1' ],
21 silly audit   'color-name': [ '1.1.4' ],
21 silly audit   commander: [ '4.1.1' ],
21 silly audit   'compute-scroll-into-view': [ '3.1.1' ],
21 silly audit   'concat-map': [ '0.0.1' ],
21 silly audit   'copy-to-clipboard': [ '3.3.3' ],
21 silly audit   'cross-spawn': [ '7.0.6' ],
21 silly audit   cssesc: [ '3.0.0' ],
21 silly audit   csstype: [ '3.1.3' ],
21 silly audit   'damerau-levenshtein': [ '1.0.8' ],
21 silly audit   'data-view-buffer': [ '1.0.2' ],
21 silly audit   'data-view-byte-length': [ '1.0.2' ],
21 silly audit   'data-view-byte-offset': [ '1.0.1' ],
21 silly audit   dayjs: [ '1.11.13' ],
21 silly audit   debug: [ '4.4.0', '3.2.7' ],
21 silly audit   'deep-is': [ '0.1.4' ],
21 silly audit   'define-data-property': [ '1.1.4' ],
21 silly audit   'define-properties': [ '1.2.1' ],
21 silly audit   didyoumean: [ '1.2.2' ],
21 silly audit   'dir-glob': [ '3.0.1' ],
21 silly audit   dlv: [ '1.1.3' ],
21 silly audit   doctrine: [ '3.0.0', '2.1.0' ],
21 silly audit   'dunder-proto': [ '1.0.1' ],
21 silly audit   eastasianwidth: [ '0.2.0' ],
21 silly audit   'electron-to-chromium': [ '1.5.114' ],
21 silly audit   'emoji-regex': [ '9.2.2', '8.0.0' ],
21 silly audit   'enhanced-resolve': [ '5.18.1' ],
21 silly audit   'es-abstract': [ '1.23.9' ],
21 silly audit   'es-define-property': [ '1.0.1' ],
21 silly audit   'es-errors': [ '1.3.0' ],
21 silly audit   'es-iterator-helpers': [ '1.2.1' ],
21 silly audit   'es-object-atoms': [ '1.1.1' ],
21 silly audit   'es-set-tostringtag': [ '2.1.0' ],
21 silly audit   'es-shim-unscopables': [ '1.1.0' ],
21 silly audit   'es-to-primitive': [ '1.3.0' ],
21 silly audit   escalade: [ '3.2.0' ],
21 silly audit   'escape-string-regexp': [ '4.0.0' ],
21 silly audit   eslint: [ '8.49.0' ],
21 silly audit   'eslint-config-next': [ '13.4.19' ],
21 silly audit   'eslint-import-resolver-typescript': [ '3.8.3' ],
21 silly audit   'eslint-import-resolver-node': [ '0.3.9' ],
21 silly audit   'eslint-module-utils': [ '2.12.0' ],
21 silly audit   'eslint-plugin-import': [ '2.31.0' ],
21 silly audit   semver: [ '6.3.1', '7.7.1' ],
21 silly audit   'eslint-plugin-jsx-a11y': [ '6.10.2' ],
21 silly audit   'eslint-plugin-react': [ '7.37.4' ],
21 silly audit   'eslint-plugin-react-hooks': [ '5.0.0-canary-7118f5dd7-20230705' ],
21 silly audit   resolve: [ '2.0.0-next.5', '1.22.10' ],
21 silly audit   'eslint-scope': [ '7.2.2' ],
21 silly audit   'eslint-visitor-keys': [ '3.4.3' ],
21 silly audit   espree: [ '9.6.1' ],
21 silly audit   esquery: [ '1.6.0' ],
21 silly audit   esrecurse: [ '4.3.0' ],
21 silly audit   estraverse: [ '5.3.0' ],
21 silly audit   esutils: [ '2.0.3' ],
21 silly audit   'fast-deep-equal': [ '3.1.3' ],
21 silly audit   'fast-glob': [ '3.3.3' ],
21 silly audit   'fast-json-stable-stringify': [ '2.1.0' ],
21 silly audit   'fast-levenshtein': [ '2.0.6' ],
21 silly audit   fastq: [ '1.19.1' ],
21 silly audit   'file-entry-cache': [ '6.0.1' ],
21 silly audit   'fill-range': [ '7.1.1' ],
21 silly audit   'find-up': [ '5.0.0' ],
21 silly audit   'flat-cache': [ '3.2.0' ],
21 silly audit   flatted: [ '3.3.3' ],
21 silly audit   'for-each': [ '0.3.5' ],
21 silly audit   'foreground-child': [ '3.3.1' ],
21 silly audit   'fraction.js': [ '4.3.7' ],
21 silly audit   'framer-motion': [ '10.16.4' ],
21 silly audit   'fs.realpath': [ '1.0.0' ],
21 silly audit   fsevents: [ '2.3.3' ],
21 silly audit   'function-bind': [ '1.1.2' ],
21 silly audit   'function.prototype.name': [ '1.1.8' ],
21 silly audit   'functions-have-names': [ '1.2.3' ],
21 silly audit   'get-intrinsic': [ '1.3.0' ],
21 silly audit   'get-proto': [ '1.0.1' ],
21 silly audit   'get-symbol-description': [ '1.1.0' ],
21 silly audit   'get-tsconfig': [ '4.10.0' ],
21 silly audit   glob: [ '7.1.7', '10.4.5' ],
21 silly audit   'glob-to-regexp': [ '0.4.1' ],
21 silly audit   globals: [ '13.24.0' ],
21 silly audit   globalthis: [ '1.0.4' ],
21 silly audit   globby: [ '11.1.0' ],
21 silly audit   gopd: [ '1.2.0' ],
21 silly audit   'graceful-fs': [ '4.2.11' ],
21 silly audit   graphemer: [ '1.4.0' ],
21 silly audit   'has-bigints': [ '1.1.0' ],
21 silly audit   'has-flag': [ '4.0.0' ],
21 silly audit   'has-property-descriptors': [ '1.0.2' ],
21 silly audit   'has-proto': [ '1.2.0' ],
21 silly audit   'has-symbols': [ '1.1.0' ],
21 silly audit   'has-tostringtag': [ '1.0.2' ],
21 silly audit   hasown: [ '2.0.2' ],
21 silly audit   ignore: [ '5.3.2' ],
21 silly audit   'import-fresh': [ '3.3.1' ],
21 silly audit   imurmurhash: [ '0.1.4' ],
21 silly audit   inflight: [ '1.0.6' ],
21 silly audit   inherits: [ '2.0.4' ],
21 silly audit   'internal-slot': [ '1.1.0' ],
21 silly audit   'is-array-buffer': [ '3.0.5' ],
21 silly audit   'is-async-function': [ '2.1.1' ],
21 silly audit   'is-bigint': [ '1.1.0' ],
21 silly audit   'is-binary-path': [ '2.1.0' ],
21 silly audit   'is-boolean-object': [ '1.2.2' ],
21 silly audit   'is-bun-module': [ '1.3.0' ],
21 silly audit   'is-callable': [ '1.2.7' ],
21 silly audit   'is-core-module': [ '2.16.1' ],
21 silly audit   'is-data-view': [ '1.0.2' ],
21 silly audit   'is-date-object': [ '1.1.0' ],
21 silly audit   'is-extglob': [ '2.1.1' ],
21 silly audit   'is-finalizationregistry': [ '1.1.1' ],
21 silly audit   'is-fullwidth-code-point': [ '3.0.0' ],
21 silly audit   'is-generator-function': [ '1.1.0' ],
21 silly audit   'is-glob': [ '4.0.3' ],
21 silly audit   'is-map': [ '2.0.3' ],
21 silly audit   'is-number': [ '7.0.0' ],
21 silly audit   'is-number-object': [ '1.1.1' ],
21 silly audit   'is-path-inside': [ '3.0.3' ],
21 silly audit   'is-regex': [ '1.2.1' ],
21 silly audit   'is-set': [ '2.0.3' ],
21 silly audit   'is-shared-array-buffer': [ '1.0.4' ],
21 silly audit   'is-string': [ '1.1.1' ],
21 silly audit   'is-symbol': [ '1.1.1' ],
21 silly audit   'is-typed-array': [ '1.1.15' ],
21 silly audit   'is-weakmap': [ '2.0.2' ],
21 silly audit   'is-weakref': [ '1.1.1' ],
21 silly audit   'is-weakset': [ '2.0.4' ],
21 silly audit   isarray: [ '2.0.5' ],
21 silly audit   isexe: [ '2.0.0' ],
21 silly audit   'iterator.prototype': [ '1.1.5' ],
21 silly audit   jackspeak: [ '3.4.3' ],
21 silly audit   jiti: [ '1.21.7' ],
21 silly audit   'js-tokens': [ '4.0.0' ],
21 silly audit   'js-yaml': [ '4.1.0' ],
21 silly audit   'json-buffer': [ '3.0.1' ],
21 silly audit   'json-schema-traverse': [ '0.4.1' ],
21 silly audit   'json-stable-stringify-without-jsonify': [ '1.0.1' ],
21 silly audit   json2mq: [ '0.2.0' ],
21 silly audit   json5: [ '1.0.2' ],
21 silly audit   'jsx-ast-utils': [ '3.3.5' ],
21 silly audit   keyv: [ '4.5.4' ],
21 silly audit   'language-subtag-registry': [ '0.3.23' ],
21 silly audit   'language-tags': [ '1.0.9' ],
21 silly audit   levn: [ '0.4.1' ],
21 silly audit   lilconfig: [ '2.1.0', '3.1.3' ],
21 silly audit   'lines-and-columns': [ '1.2.4' ],
21 silly audit   'locate-path': [ '6.0.0' ],
21 silly audit   'lodash.merge': [ '4.6.2' ],
21 silly audit   'loose-envify': [ '1.4.0' ],
21 silly audit   'lru-cache': [ '10.4.3' ],
21 silly audit   'math-intrinsics': [ '1.1.0' ],
21 silly audit   merge2: [ '1.4.1' ],
21 silly audit   micromatch: [ '4.0.8' ],
21 silly audit   minimist: [ '1.2.8' ],
21 silly audit   minipass: [ '7.1.2' ],
21 silly audit   ms: [ '2.1.3' ],
21 silly audit   mz: [ '2.7.0' ],
21 silly audit   nanoid: [ '3.3.9' ],
21 silly audit   'natural-compare': [ '1.4.0' ],
21 silly audit   next: [ '13.4.19' ],
21 silly audit   postcss: [ '8.4.14', '8.4.29' ],
21 silly audit   'node-releases': [ '2.0.19' ],
21 silly audit   'normalize-path': [ '3.0.0' ],
21 silly audit   'normalize-range': [ '0.1.2' ],
21 silly audit   nprogress: [ '0.2.0' ],
21 silly audit   'object-assign': [ '4.1.1' ],
21 silly audit   'object-hash': [ '3.0.0' ],
21 silly audit   'object-inspect': [ '1.13.4' ],
21 silly audit   'object-keys': [ '1.1.1' ],
21 silly audit   'object.assign': [ '4.1.7' ],
21 silly audit   'object.entries': [ '1.1.8' ],
21 silly audit   'object.fromentries': [ '2.0.8' ],
21 silly audit   'object.groupby': [ '1.0.3' ],
21 silly audit   'object.values': [ '1.2.1' ],
21 silly audit   once: [ '1.4.0' ],
21 silly audit   optionator: [ '0.9.4' ],
21 silly audit   'own-keys': [ '1.0.1' ],
21 silly audit   'p-limit': [ '3.1.0' ],
21 silly audit   'p-locate': [ '5.0.0' ],
21 silly audit   'package-json-from-dist': [ '1.0.1' ],
21 silly audit   'parent-module': [ '1.0.1' ],
21 silly audit   'path-exists': [ '4.0.0' ],
21 silly audit   'path-is-absolute': [ '1.0.1' ],
21 silly audit   'path-key': [ '3.1.1' ],
21 silly audit   'path-parse': [ '1.0.7' ],
21 silly audit   'path-scurry': [ '1.11.1' ],
21 silly audit   'path-type': [ '4.0.0' ],
21 silly audit   picocolors: [ '1.1.1' ],
21 silly audit   picomatch: [ '2.3.1', '4.0.2' ],
21 silly audit   pify: [ '2.3.0' ],
21 silly audit   pirates: [ '4.0.6' ],
21 silly audit   'possible-typed-array-names': [ '1.1.0' ],
21 silly audit   'postcss-import': [ '15.1.0' ],
21 silly audit   'postcss-js': [ '4.0.1' ],
21 silly audit   'postcss-load-config': [ '4.0.2' ],
21 silly audit   'postcss-nested': [ '6.2.0' ],
21 silly audit   'postcss-selector-parser': [ '6.1.2' ],
21 silly audit   'postcss-value-parser': [ '4.2.0' ],
21 silly audit   'prelude-ls': [ '1.2.1' ],
21 silly audit   'prop-types': [ '15.8.1' ],
21 silly audit   punycode: [ '2.3.1' ],
21 silly audit   'qrcode.react': [ '3.2.0' ],
21 silly audit   'queue-microtask': [ '1.2.3' ],
21 silly audit   'rc-cascader': [ '3.14.1' ],
21 silly audit   'rc-checkbox': [ '3.1.0' ],
21 silly audit   'rc-collapse': [ '3.7.3' ],
21 silly audit   'rc-dialog': [ '9.1.0' ],
21 silly audit   'rc-drawer': [ '6.2.0' ],
21 silly audit   'rc-dropdown': [ '4.1.0' ],
21 silly audit   'rc-field-form': [ '1.36.2' ],
21 silly audit   'rc-image': [ '7.1.3' ],
21 silly audit   'rc-input': [ '1.1.1' ],
21 silly audit   'rc-input-number': [ '8.0.4' ],
21 silly audit   'rc-mentions': [ '2.5.0' ],
21 silly audit   'rc-menu': [ '9.10.0' ],
21 silly audit   'rc-motion': [ '2.9.5' ],
21 silly audit   'rc-notification': [ '5.1.1' ],
21 silly audit   'rc-overflow': [ '1.4.1' ],
21 silly audit   'rc-pagination': [ '3.6.1' ],
21 silly audit   'rc-picker': [ '3.13.2' ],
21 silly audit   'rc-progress': [ '3.4.2' ],
21 silly audit   'rc-rate': [ '2.12.0' ],
21 silly audit   'rc-resize-observer': [ '1.4.3' ],
21 silly audit   'rc-segmented': [ '2.2.2' ],
21 silly audit   'rc-select': [ '14.7.4' ],
21 silly audit   'rc-slider': [ '10.2.1' ],
21 silly audit   'rc-steps': [ '6.0.1' ],
21 silly audit   'rc-switch': [ '4.1.0' ],
21 silly audit   'rc-table': [ '7.32.3' ],
21 silly audit   'rc-tabs': [ '12.9.0' ],
21 silly audit   'rc-textarea': [ '1.3.4' ],
21 silly audit   'rc-tooltip': [ '6.0.1' ],
21 silly audit   'rc-tree': [ '5.7.12' ],
21 silly audit   'rc-tree-select': [ '5.11.2' ],
21 silly audit   'rc-upload': [ '4.3.6' ],
21 silly audit   'rc-util': [ '5.44.4' ],
21 silly audit   'react-is': [ '18.3.1', '16.13.1' ],
21 silly audit   'rc-virtual-list': [ '3.18.4' ],
21 silly audit   react: [ '18.2.0' ],
21 silly audit   'react-dom': [ '18.2.0' ],
21 silly audit   'react-swipeable': [ '7.0.1' ],
21 silly audit   'read-cache': [ '1.0.0' ],
21 silly audit   readdirp: [ '3.6.0' ],
21 silly audit   'reflect.getprototypeof': [ '1.0.10' ],
21 silly audit   'regenerator-runtime': [ '0.14.1' ],
21 silly audit   'regexp.prototype.flags': [ '1.5.4' ],
21 silly audit   'resize-observer-polyfill': [ '1.5.1' ],
21 silly audit   'resolve-from': [ '4.0.0' ],
21 silly audit   'resolve-pkg-maps': [ '1.0.0' ],
21 silly audit   reusify: [ '1.1.0' ],
21 silly audit   rimraf: [ '3.0.2' ],
21 silly audit   'run-parallel': [ '1.2.0' ],
21 silly audit   'safe-array-concat': [ '1.1.3' ],
21 silly audit   'safe-push-apply': [ '1.0.0' ],
21 silly audit   'safe-regex-test': [ '1.1.0' ],
21 silly audit   scheduler: [ '0.23.2' ],
21 silly audit   'scroll-into-view-if-needed': [ '3.1.0' ],
21 silly audit   'set-function-length': [ '1.2.2' ],
21 silly audit   'set-function-name': [ '2.0.2' ],
21 silly audit   'set-proto': [ '1.0.0' ],
21 silly audit   'shebang-command': [ '2.0.0' ],
21 silly audit   'shebang-regex': [ '3.0.0' ],
21 silly audit   'side-channel': [ '1.1.0' ],
21 silly audit   'side-channel-list': [ '1.0.0' ],
21 silly audit   'side-channel-map': [ '1.0.1' ],
21 silly audit   'side-channel-weakmap': [ '1.0.2' ],
21 silly audit   'signal-exit': [ '4.1.0' ],
21 silly audit   slash: [ '3.0.0' ],
21 silly audit   'source-map-js': [ '1.2.1' ],
21 silly audit   'stable-hash': [ '0.0.4' ],
21 silly audit   streamsearch: [ '1.1.0' ],
21 silly audit   'string-convert': [ '0.2.1' ],
21 silly audit   'string-width': [ '5.1.2', '4.2.3' ],
21 silly audit   'string.prototype.includes': [ '2.0.1' ],
21 silly audit   'string.prototype.matchall': [ '4.0.12' ],
21 silly audit   'string.prototype.repeat': [ '1.0.0' ],
21 silly audit   'string.prototype.trim': [ '1.2.10' ],
21 silly audit   'string.prototype.trimend': [ '1.0.9' ],
21 silly audit   'string.prototype.trimstart': [ '1.0.8' ],
21 silly audit   'strip-bom': [ '3.0.0' ],
21 silly audit   'strip-json-comments': [ '3.1.1' ],
21 silly audit   'styled-jsx': [ '5.1.1' ],
21 silly audit   stylis: [ '4.3.6' ],
21 silly audit   sucrase: [ '3.35.0' ],
21 silly audit   'supports-color': [ '7.2.0' ],
21 silly audit   'supports-preserve-symlinks-flag': [ '1.0.0' ],
21 silly audit   swiper: [ '10.2.0' ],
21 silly audit   tailwindcss: [ '3.3.3' ],
21 silly audit   tapable: [ '2.2.1' ],
21 silly audit   'text-table': [ '0.2.0' ],
21 silly audit   thenify: [ '3.3.1' ],
21 silly audit   'thenify-all': [ '1.6.0' ],
21 silly audit   'throttle-debounce': [ '5.0.2' ],
21 silly audit   tinyglobby: [ '0.2.12' ],
21 silly audit   fdir: [ '6.4.3' ],
21 silly audit   'to-regex-range': [ '5.0.1' ],
21 silly audit   'toggle-selection': [ '1.0.6' ],
21 silly audit   'ts-api-utils': [ '1.4.3' ],
21 silly audit   'ts-interface-checker': [ '0.1.13' ],
21 silly audit   'tsconfig-paths': [ '3.15.0' ],
21 silly audit   tslib: [ '2.8.1' ],
21 silly audit   'type-check': [ '0.4.0' ],
21 silly audit   'type-fest': [ '0.20.2' ],
21 silly audit   'typed-array-buffer': [ '1.0.3' ],
21 silly audit   'typed-array-byte-length': [ '1.0.3' ],
21 silly audit   'typed-array-byte-offset': [ '1.0.4' ],
21 silly audit   'typed-array-length': [ '1.0.7' ],
21 silly audit   typescript: [ '5.8.2' ],
21 silly audit   'unbox-primitive': [ '1.1.0' ],
21 silly audit   'undici-types': [ '6.20.0' ],
21 silly audit   'update-browserslist-db': [ '1.1.3' ],
21 silly audit   'uri-js': [ '4.4.1' ],
21 silly audit   'util-deprecate': [ '1.0.2' ],
21 silly audit   watchpack: [ '2.4.0' ],
21 silly audit   which: [ '2.0.2' ],
21 silly audit   'which-boxed-primitive': [ '1.1.1' ],
21 silly audit   'which-builtin-type': [ '1.2.1' ],
21 silly audit   'which-collection': [ '1.0.2' ],
21 silly audit   'which-typed-array': [ '1.1.19' ],
21 silly audit   'word-wrap': [ '1.2.5' ],
21 silly audit   'wrap-ansi': [ '8.1.0', '7.0.0' ],
21 silly audit   wrappy: [ '1.0.2' ],
21 silly audit   yaml: [ '2.7.0' ],
21 silly audit   'yocto-queue': [ '0.1.0' ],
21 silly audit   zod: [ '3.21.4' ],
21 silly audit   bcryptjs: [ '2.4.3' ]
21 silly audit }
22 verbose reify failed optional dependency E:\table\eenous\node_modules\fsevents
23 silly reify mark deleted [ 'E:\\table\\eenous\\node_modules\\fsevents' ]
24 verbose reify failed optional dependency E:\table\eenous\node_modules\@next\swc-win32-ia32-msvc
25 silly reify mark deleted [ 'E:\\table\\eenous\\node_modules\\@next\\swc-win32-ia32-msvc' ]
26 verbose reify failed optional dependency E:\table\eenous\node_modules\@next\swc-win32-arm64-msvc
27 silly reify mark deleted [ 'E:\\table\\eenous\\node_modules\\@next\\swc-win32-arm64-msvc' ]
28 verbose reify failed optional dependency E:\table\eenous\node_modules\@next\swc-linux-x64-musl
29 silly reify mark deleted [ 'E:\\table\\eenous\\node_modules\\@next\\swc-linux-x64-musl' ]
30 verbose reify failed optional dependency E:\table\eenous\node_modules\@next\swc-linux-x64-gnu
31 silly reify mark deleted [ 'E:\\table\\eenous\\node_modules\\@next\\swc-linux-x64-gnu' ]
32 verbose reify failed optional dependency E:\table\eenous\node_modules\@next\swc-linux-arm64-musl
33 silly reify mark deleted [ 'E:\\table\\eenous\\node_modules\\@next\\swc-linux-arm64-musl' ]
34 verbose reify failed optional dependency E:\table\eenous\node_modules\@next\swc-linux-arm64-gnu
35 silly reify mark deleted [ 'E:\\table\\eenous\\node_modules\\@next\\swc-linux-arm64-gnu' ]
36 verbose reify failed optional dependency E:\table\eenous\node_modules\@next\swc-darwin-x64
37 silly reify mark deleted [ 'E:\\table\\eenous\\node_modules\\@next\\swc-darwin-x64' ]
38 verbose reify failed optional dependency E:\table\eenous\node_modules\@next\swc-darwin-arm64
39 silly reify mark deleted [ 'E:\\table\\eenous\\node_modules\\@next\\swc-darwin-arm64' ]
40 http cache bcryptjs@https://registry.npmmirror.com/bcryptjs/-/bcryptjs-2.4.3.tgz 1ms (cache hit)
41 http fetch POST 404 https://registry.npmmirror.com/-/npm/v1/security/advisories/bulk 270ms (cache skip)
42 silly audit bulk request failed [object Object]
43 http fetch POST 404 https://registry.npmmirror.com/-/npm/v1/security/audits/quick 35ms (cache skip)
44 verbose audit error HttpErrorGeneral: 404 Not Found - POST https://registry.npmmirror.com/-/npm/v1/security/audits/quick - [NOT_IMPLEMENTED] /-/npm/v1/security/* not implemented yet
44 verbose audit error     at C:\Program Files\nodejs\node_modules\npm\node_modules\npm-registry-fetch\lib\check-response.js:103:15
44 verbose audit error     at process.processTicksAndRejections (node:internal/process/task_queues:105:5)
44 verbose audit error     at async [getReport] (C:\Program Files\nodejs\node_modules\npm\node_modules\@npmcli\arborist\lib\audit-report.js:336:21)
44 verbose audit error     at async AuditReport.run (C:\Program Files\nodejs\node_modules\npm\node_modules\@npmcli\arborist\lib\audit-report.js:106:19)
44 verbose audit error     at async Arborist.reify (C:\Program Files\nodejs\node_modules\npm\node_modules\@npmcli\arborist\lib\arborist\reify.js:268:24)
44 verbose audit error     at async Install.exec (C:\Program Files\nodejs\node_modules\npm\lib\commands\install.js:150:5)
44 verbose audit error     at async Npm.exec (C:\Program Files\nodejs\node_modules\npm\lib\npm.js:207:9)
44 verbose audit error     at async module.exports (C:\Program Files\nodejs\node_modules\npm\lib\cli\entry.js:74:5) {
44 verbose audit error   headers: [Object: null prototype] {
44 verbose audit error     server: [ 'Tengine' ],
44 verbose audit error     date: [ 'Wed, 16 Jul 2025 10:22:03 GMT' ],
44 verbose audit error     'content-type': [ 'application/json' ],
44 verbose audit error     'transfer-encoding': [ 'chunked' ],
44 verbose audit error     connection: [ 'keep-alive' ],
44 verbose audit error     'strict-transport-security': [ 'max-age=5184000' ],
44 verbose audit error     via: [ 'kunlun9.cn7036[,404666]' ],
44 verbose audit error     'timing-allow-origin': [ '*' ],
44 verbose audit error     eagleid: [ 'da620c9d17526613230621358e' ],
44 verbose audit error     'x-fetch-attempts': [ '1' ],
44 verbose audit error     'x-local-cache-status': [ 'skip' ]
44 verbose audit error   },
44 verbose audit error   statusCode: 404,
44 verbose audit error   code: 'E404',
44 verbose audit error   method: 'POST',
44 verbose audit error   uri: 'https://registry.npmmirror.com/-/npm/v1/security/audits/quick',
44 verbose audit error   body: {
44 verbose audit error     error: '[NOT_IMPLEMENTED] /-/npm/v1/security/* not implemented yet'
44 verbose audit error   },
44 verbose audit error   pkgid: undefined
44 verbose audit error }
45 silly audit error [object Object]
46 silly audit report null
47 silly ADD node_modules/bcryptjs
48 silly ADD
49 silly ADD
50 silly ADD
51 silly ADD
52 silly ADD
53 silly ADD
54 silly ADD
55 silly ADD
56 silly ADD
57 verbose cwd E:\table\eenous
58 verbose os Windows_NT 10.0.26100
59 verbose node v23.10.0
60 verbose npm  v10.9.2
61 verbose exit 0
62 info ok
