0 verbose cli C:\Program Files\nodejs\node.exe C:\Program Files\nodejs\node_modules\npm\bin\npm-cli.js
1 info using npm@10.9.2
2 info using node@v23.10.0
3 silly config load:file:C:\Program Files\nodejs\node_modules\npm\npmrc
4 silly config load:file:E:\table\eenous\.npmrc
5 silly config load:file:C:\Users\zhoukai\cadence\Cadence\SPB_Data\.npmrc
6 silly config load:file:C:\Program Files\nodejs\node_global\etc\npmrc
7 verbose title npm install better-sqlite3 bcryptjs
8 verbose argv "install" "better-sqlite3" "bcryptjs"
9 verbose logfile logs-max:10 dir:E:\table\eenous\npm-cache\_logs\2025-07-16T10_13_47_213Z-
10 verbose logfile E:\table\eenous\npm-cache\_logs\2025-07-16T10_13_47_213Z-debug-0.log
11 silly logfile done cleaning log files
12 silly packumentCache heap:4345298944 maxSize:1086324736 maxEntrySize:543162368
13 silly idealTree buildDeps
14 silly fetch manifest better-sqlite3@^8.7.0
15 silly packumentCache full:https://registry.npm.taobao.org/better-sqlite3 cache-miss
16 verbose shrinkwrap failed to load node_modules/.package-lock.json out of date, updated: node_modules
17 http fetch GET 200 https://registry.npmmirror.com/npm 466ms
18 http fetch GET 200 https://registry.npmmirror.com/better-sqlite3 323ms (cache miss)
19 silly packumentCache full:https://registry.npm.taobao.org/better-sqlite3 set size:58777 disposed:false
20 silly fetch manifest bcryptjs@^2.4.3
21 silly packumentCache full:https://registry.npm.taobao.org/bcryptjs cache-miss
22 http fetch GET 200 https://registry.npmmirror.com/bcryptjs 84ms (cache miss)
23 silly packumentCache full:https://registry.npm.taobao.org/bcryptjs set size:12830 disposed:false
24 silly placeDep ROOT bcryptjs@2.4.3 OK for: modern-enterprise-website@0.1.0 want: ^2.4.3
25 silly placeDep ROOT better-sqlite3@8.7.0 OK for: modern-enterprise-website@0.1.0 want: ^8.7.0
26 silly fetch manifest bindings@^1.5.0
27 silly packumentCache full:https://registry.npm.taobao.org/bindings cache-miss
28 silly fetch manifest prebuild-install@^7.1.1
29 silly packumentCache full:https://registry.npm.taobao.org/prebuild-install cache-miss
30 http fetch GET 200 https://registry.npmmirror.com/prebuild-install 105ms (cache miss)
31 silly packumentCache full:https://registry.npm.taobao.org/prebuild-install set size:23607 disposed:false
32 http fetch GET 200 https://registry.npmmirror.com/bindings 110ms (cache miss)
33 silly packumentCache full:https://registry.npm.taobao.org/bindings set size:6584 disposed:false
34 silly placeDep ROOT bindings@1.5.0 OK for: better-sqlite3@8.7.0 want: ^1.5.0
35 silly placeDep ROOT prebuild-install@7.1.3 OK for: better-sqlite3@8.7.0 want: ^7.1.1
36 silly fetch manifest file-uri-to-path@1.0.0
37 silly packumentCache full:https://registry.npm.taobao.org/file-uri-to-path cache-miss
38 silly fetch manifest detect-libc@^2.0.0
39 silly packumentCache full:https://registry.npm.taobao.org/detect-libc cache-miss
40 silly fetch manifest expand-template@^2.0.3
41 silly packumentCache full:https://registry.npm.taobao.org/expand-template cache-miss
42 silly fetch manifest github-from-package@0.0.0
43 silly packumentCache full:https://registry.npm.taobao.org/github-from-package cache-miss
44 silly fetch manifest mkdirp-classic@^0.5.3
45 silly packumentCache full:https://registry.npm.taobao.org/mkdirp-classic cache-miss
46 silly fetch manifest napi-build-utils@^2.0.0
47 silly packumentCache full:https://registry.npm.taobao.org/napi-build-utils cache-miss
48 silly fetch manifest node-abi@^3.3.0
49 silly packumentCache full:https://registry.npm.taobao.org/node-abi cache-miss
50 silly fetch manifest pump@^3.0.0
51 silly packumentCache full:https://registry.npm.taobao.org/pump cache-miss
52 silly fetch manifest rc@^1.2.7
53 silly packumentCache full:https://registry.npm.taobao.org/rc cache-miss
54 silly fetch manifest simple-get@^4.0.0
55 silly packumentCache full:https://registry.npm.taobao.org/simple-get cache-miss
56 silly fetch manifest tar-fs@^2.0.0
57 silly packumentCache full:https://registry.npm.taobao.org/tar-fs cache-miss
58 silly fetch manifest tunnel-agent@^0.6.0
59 silly packumentCache full:https://registry.npm.taobao.org/tunnel-agent cache-miss
60 http fetch GET 200 https://registry.npmmirror.com/expand-template 100ms (cache miss)
61 silly packumentCache full:https://registry.npm.taobao.org/expand-template set size:4063 disposed:false
62 http fetch GET 200 https://registry.npmmirror.com/file-uri-to-path 112ms (cache miss)
63 silly packumentCache full:https://registry.npm.taobao.org/file-uri-to-path set size:3098 disposed:false
64 http fetch GET 200 https://registry.npmmirror.com/simple-get 138ms (cache miss)
65 silly packumentCache full:https://registry.npm.taobao.org/simple-get set size:16766 disposed:false
66 http fetch GET 200 https://registry.npmmirror.com/tar-fs 140ms (cache miss)
67 silly packumentCache full:https://registry.npm.taobao.org/tar-fs set size:22053 disposed:false
68 http fetch GET 200 https://registry.npmmirror.com/napi-build-utils 151ms (cache miss)
69 silly packumentCache full:https://registry.npm.taobao.org/napi-build-utils set size:3352 disposed:false
70 http fetch GET 200 https://registry.npmmirror.com/github-from-package 155ms (cache miss)
71 silly packumentCache full:https://registry.npm.taobao.org/github-from-package set size:1248 disposed:false
72 http fetch GET 200 https://registry.npmmirror.com/pump 162ms (cache miss)
73 silly packumentCache full:https://registry.npm.taobao.org/pump set size:8429 disposed:false
74 http fetch GET 200 https://registry.npmmirror.com/tunnel-agent 162ms (cache miss)
75 silly packumentCache full:https://registry.npm.taobao.org/tunnel-agent set size:2781 disposed:false
76 http fetch GET 200 https://registry.npmmirror.com/mkdirp-classic 168ms (cache miss)
77 silly packumentCache full:https://registry.npm.taobao.org/mkdirp-classic set size:1313 disposed:false
78 http fetch GET 200 https://registry.npmmirror.com/node-abi 179ms (cache miss)
79 silly packumentCache full:https://registry.npm.taobao.org/node-abi set size:55921 disposed:false
80 http fetch GET 200 https://registry.npmmirror.com/rc 191ms (cache miss)
81 silly packumentCache full:https://registry.npm.taobao.org/rc set size:15256 disposed:false
82 http fetch GET 200 https://registry.npmmirror.com/detect-libc 220ms (cache miss)
83 silly packumentCache full:https://registry.npm.taobao.org/detect-libc set size:9099 disposed:false
84 silly placeDep ROOT file-uri-to-path@1.0.0 OK for: bindings@1.5.0 want: 1.0.0
85 silly placeDep ROOT detect-libc@2.0.4 OK for: prebuild-install@7.1.3 want: ^2.0.0
86 silly placeDep ROOT expand-template@2.0.3 OK for: prebuild-install@7.1.3 want: ^2.0.3
87 silly placeDep ROOT github-from-package@0.0.0 OK for: prebuild-install@7.1.3 want: 0.0.0
88 silly placeDep ROOT mkdirp-classic@0.5.3 OK for: prebuild-install@7.1.3 want: ^0.5.3
89 silly placeDep ROOT napi-build-utils@2.0.0 OK for: prebuild-install@7.1.3 want: ^2.0.0
90 silly placeDep ROOT node-abi@3.75.0 OK for: prebuild-install@7.1.3 want: ^3.3.0
91 silly placeDep ROOT pump@3.0.3 OK for: prebuild-install@7.1.3 want: ^3.0.0
92 silly placeDep ROOT rc@1.2.8 OK for: prebuild-install@7.1.3 want: ^1.2.7
93 silly placeDep ROOT simple-get@4.0.1 OK for: prebuild-install@7.1.3 want: ^4.0.0
94 silly placeDep ROOT tar-fs@2.1.3 OK for: prebuild-install@7.1.3 want: ^2.0.0
95 silly placeDep ROOT tunnel-agent@0.6.0 OK for: prebuild-install@7.1.3 want: ^0.6.0
96 silly fetch manifest end-of-stream@^1.1.0
97 silly packumentCache full:https://registry.npm.taobao.org/end-of-stream cache-miss
98 silly fetch manifest deep-extend@^0.6.0
99 silly packumentCache full:https://registry.npm.taobao.org/deep-extend cache-miss
100 silly fetch manifest ini@~1.3.0
101 silly packumentCache full:https://registry.npm.taobao.org/ini cache-miss
102 silly fetch manifest strip-json-comments@~2.0.1
103 silly packumentCache full:https://registry.npm.taobao.org/strip-json-comments cache-miss
104 silly fetch manifest decompress-response@^6.0.0
105 silly packumentCache full:https://registry.npm.taobao.org/decompress-response cache-miss
106 silly fetch manifest simple-concat@^1.0.0
107 silly packumentCache full:https://registry.npm.taobao.org/simple-concat cache-miss
108 silly fetch manifest chownr@^1.1.1
109 silly packumentCache full:https://registry.npm.taobao.org/chownr cache-miss
110 silly fetch manifest tar-stream@^2.1.4
111 silly packumentCache full:https://registry.npm.taobao.org/tar-stream cache-miss
112 silly fetch manifest safe-buffer@^5.0.1
113 silly packumentCache full:https://registry.npm.taobao.org/safe-buffer cache-miss
114 http fetch GET 200 https://registry.npmmirror.com/tar-stream 78ms (cache miss)
115 silly packumentCache full:https://registry.npm.taobao.org/tar-stream set size:21342 disposed:false
116 http fetch GET 200 https://registry.npmmirror.com/chownr 81ms (cache miss)
117 silly packumentCache full:https://registry.npm.taobao.org/chownr set size:4259 disposed:false
118 http fetch GET 200 https://registry.npmmirror.com/end-of-stream 84ms (cache miss)
119 silly packumentCache full:https://registry.npm.taobao.org/end-of-stream set size:5278 disposed:false
120 http fetch GET 200 https://registry.npmmirror.com/strip-json-comments 88ms (cache miss)
121 silly packumentCache full:https://registry.npm.taobao.org/strip-json-comments set size:7906 disposed:false
122 http fetch GET 200 https://registry.npmmirror.com/decompress-response 89ms (cache miss)
123 silly packumentCache full:https://registry.npm.taobao.org/decompress-response set size:6327 disposed:false
124 http fetch GET 200 https://registry.npmmirror.com/safe-buffer 90ms (cache miss)
125 silly packumentCache full:https://registry.npm.taobao.org/safe-buffer set size:11685 disposed:false
126 http fetch GET 200 https://registry.npmmirror.com/deep-extend 92ms (cache miss)
127 silly packumentCache full:https://registry.npm.taobao.org/deep-extend set size:6307 disposed:false
128 http fetch GET 200 https://registry.npmmirror.com/ini 93ms (cache miss)
129 silly packumentCache full:https://registry.npm.taobao.org/ini set size:13554 disposed:false
130 http fetch GET 200 https://registry.npmmirror.com/simple-concat 100ms (cache miss)
131 silly packumentCache full:https://registry.npm.taobao.org/simple-concat set size:1902 disposed:false
132 silly placeDep ROOT end-of-stream@1.4.5 OK for: pump@3.0.3 want: ^1.1.0
133 silly placeDep ROOT deep-extend@0.6.0 OK for: rc@1.2.8 want: ^0.6.0
134 silly placeDep ROOT ini@1.3.8 OK for: rc@1.2.8 want: ~1.3.0
135 silly placeDep node_modules/rc strip-json-comments@2.0.1 OK for: rc@1.2.8 want: ~2.0.1
136 silly placeDep ROOT decompress-response@6.0.0 OK for: simple-get@4.0.1 want: ^6.0.0
137 silly placeDep ROOT simple-concat@1.0.1 OK for: simple-get@4.0.1 want: ^1.0.0
138 silly fetch manifest mimic-response@^3.1.0
139 silly packumentCache full:https://registry.npm.taobao.org/mimic-response cache-miss
140 http fetch GET 200 https://registry.npmmirror.com/mimic-response 90ms (cache miss)
141 silly packumentCache full:https://registry.npm.taobao.org/mimic-response set size:3723 disposed:false
142 silly placeDep ROOT mimic-response@3.1.0 OK for: decompress-response@6.0.0 want: ^3.1.0
143 silly placeDep ROOT chownr@1.1.4 OK for: tar-fs@2.1.3 want: ^1.1.1
144 silly placeDep ROOT tar-stream@2.2.0 OK for: tar-fs@2.1.3 want: ^2.1.4
145 silly fetch manifest bl@^4.0.3
146 silly packumentCache full:https://registry.npm.taobao.org/bl cache-miss
147 silly fetch manifest fs-constants@^1.0.0
148 silly packumentCache full:https://registry.npm.taobao.org/fs-constants cache-miss
149 silly fetch manifest readable-stream@^3.1.1
150 silly packumentCache full:https://registry.npm.taobao.org/readable-stream cache-miss
151 http fetch GET 200 https://registry.npmmirror.com/readable-stream 77ms (cache miss)
152 silly packumentCache full:https://registry.npm.taobao.org/readable-stream set size:40678 disposed:false
153 http fetch GET 200 https://registry.npmmirror.com/fs-constants 83ms (cache miss)
154 silly packumentCache full:https://registry.npm.taobao.org/fs-constants set size:1170 disposed:false
155 http fetch GET 200 https://registry.npmmirror.com/bl 84ms (cache miss)
156 silly packumentCache full:https://registry.npm.taobao.org/bl set size:29740 disposed:false
157 silly placeDep ROOT bl@4.1.0 OK for: tar-stream@2.2.0 want: ^4.0.3
158 silly placeDep ROOT fs-constants@1.0.0 OK for: tar-stream@2.2.0 want: ^1.0.0
159 silly placeDep ROOT readable-stream@3.6.2 OK for: tar-stream@2.2.0 want: ^3.1.1
160 silly fetch manifest buffer@^5.5.0
161 silly packumentCache full:https://registry.npm.taobao.org/buffer cache-miss
162 silly fetch manifest readable-stream@^3.4.0
163 silly packumentCache full:https://registry.npm.taobao.org/readable-stream cache-hit
164 silly fetch manifest string_decoder@^1.1.1
165 silly packumentCache full:https://registry.npm.taobao.org/string_decoder cache-miss
166 http fetch GET 200 https://registry.npmmirror.com/string_decoder 50ms (cache miss)
167 silly packumentCache full:https://registry.npm.taobao.org/string_decoder set size:5759 disposed:false
168 http fetch GET 200 https://registry.npmmirror.com/buffer 76ms (cache miss)
169 silly packumentCache full:https://registry.npm.taobao.org/buffer set size:45435 disposed:false
170 silly placeDep ROOT buffer@5.7.1 OK for: bl@4.1.0 want: ^5.5.0
171 silly fetch manifest base64-js@^1.3.1
172 silly packumentCache full:https://registry.npm.taobao.org/base64-js cache-miss
173 silly fetch manifest ieee754@^1.1.13
174 silly packumentCache full:https://registry.npm.taobao.org/ieee754 cache-miss
175 http fetch GET 200 https://registry.npmmirror.com/ieee754 57ms (cache miss)
176 silly packumentCache full:https://registry.npm.taobao.org/ieee754 set size:6119 disposed:false
177 http fetch GET 200 https://registry.npmmirror.com/base64-js 59ms (cache miss)
178 silly packumentCache full:https://registry.npm.taobao.org/base64-js set size:11923 disposed:false
179 silly placeDep ROOT base64-js@1.5.1 OK for: buffer@5.7.1 want: ^1.3.1
180 silly placeDep ROOT ieee754@1.2.1 OK for: buffer@5.7.1 want: ^1.1.13
181 silly placeDep ROOT string_decoder@1.3.0 OK for: readable-stream@3.6.2 want: ^1.1.1
182 silly fetch manifest safe-buffer@~5.2.0
183 silly packumentCache full:https://registry.npm.taobao.org/safe-buffer cache-hit
184 silly placeDep ROOT safe-buffer@5.2.1 OK for: string_decoder@1.3.0 want: ~5.2.0
185 silly reify moves {}
186 silly audit bulk request {
186 silly audit   '@alloc/quick-lru': [ '5.2.0' ],
186 silly audit   '@ant-design/colors': [ '7.2.0' ],
186 silly audit   '@ant-design/cssinjs': [ '1.23.0' ],
186 silly audit   '@ant-design/fast-color': [ '2.0.6' ],
186 silly audit   '@ant-design/icons': [ '5.6.1' ],
186 silly audit   '@ant-design/icons-svg': [ '4.4.2' ],
186 silly audit   '@ant-design/react-slick': [ '1.0.2' ],
186 silly audit   '@babel/runtime': [ '7.26.9' ],
186 silly audit   '@ctrl/tinycolor': [ '3.6.1' ],
186 silly audit   '@emotion/hash': [ '0.8.0' ],
186 silly audit   '@emotion/is-prop-valid': [ '0.8.8' ],
186 silly audit   '@emotion/memoize': [ '0.7.4' ],
186 silly audit   '@emotion/unitless': [ '0.7.5' ],
186 silly audit   '@eslint-community/eslint-utils': [ '4.4.1' ],
186 silly audit   '@eslint-community/regexpp': [ '4.12.1' ],
186 silly audit   '@eslint/eslintrc': [ '2.1.4' ],
186 silly audit   '@eslint/js': [ '8.49.0' ],
186 silly audit   '@humanwhocodes/config-array': [ '0.11.14' ],
186 silly audit   '@humanwhocodes/module-importer': [ '1.0.1' ],
186 silly audit   '@humanwhocodes/object-schema': [ '2.0.3' ],
186 silly audit   '@isaacs/cliui': [ '8.0.2' ],
186 silly audit   'ansi-regex': [ '6.1.0', '5.0.1' ],
186 silly audit   'strip-ansi': [ '7.1.0', '6.0.1' ],
186 silly audit   '@jridgewell/gen-mapping': [ '0.3.8' ],
186 silly audit   '@jridgewell/resolve-uri': [ '3.1.2' ],
186 silly audit   '@jridgewell/set-array': [ '1.2.1' ],
186 silly audit   '@jridgewell/sourcemap-codec': [ '1.5.0' ],
186 silly audit   '@jridgewell/trace-mapping': [ '0.3.25' ],
186 silly audit   '@next/env': [ '13.4.19' ],
186 silly audit   '@next/eslint-plugin-next': [ '13.4.19' ],
186 silly audit   '@next/swc-darwin-arm64': [ '13.4.19' ],
186 silly audit   '@next/swc-darwin-x64': [ '13.4.19' ],
186 silly audit   '@next/swc-linux-arm64-gnu': [ '13.4.19' ],
186 silly audit   '@next/swc-linux-arm64-musl': [ '13.4.19' ],
186 silly audit   '@next/swc-linux-x64-gnu': [ '13.4.19' ],
186 silly audit   '@next/swc-linux-x64-musl': [ '13.4.19' ],
186 silly audit   '@next/swc-win32-arm64-msvc': [ '13.4.19' ],
186 silly audit   '@next/swc-win32-ia32-msvc': [ '13.4.19' ],
186 silly audit   '@next/swc-win32-x64-msvc': [ '13.4.19' ],
186 silly audit   '@nodelib/fs.scandir': [ '2.1.5' ],
186 silly audit   '@nodelib/fs.stat': [ '2.0.5' ],
186 silly audit   '@nodelib/fs.walk': [ '1.2.8' ],
186 silly audit   '@nolyfill/is-core-module': [ '1.0.39' ],
186 silly audit   '@pkgjs/parseargs': [ '0.11.0' ],
186 silly audit   '@rc-component/color-picker': [ '1.4.1' ],
186 silly audit   '@rc-component/context': [ '1.4.0' ],
186 silly audit   '@rc-component/mini-decimal': [ '1.1.0' ],
186 silly audit   '@rc-component/mutate-observer': [ '1.1.0' ],
186 silly audit   '@rc-component/portal': [ '1.1.2' ],
186 silly audit   '@rc-component/tour': [ '1.8.1' ],
186 silly audit   '@rc-component/trigger': [ '1.18.3' ],
186 silly audit   '@rtsao/scc': [ '1.1.0' ],
186 silly audit   '@rushstack/eslint-patch': [ '1.10.5' ],
186 silly audit   '@swc/helpers': [ '0.5.1' ],
186 silly audit   '@types/json5': [ '0.0.29' ],
186 silly audit   '@types/node': [ '22.13.10' ],
186 silly audit   '@types/react': [ '19.0.10' ],
186 silly audit   '@typescript-eslint/parser': [ '6.21.0' ],
186 silly audit   '@typescript-eslint/scope-manager': [ '6.21.0' ],
186 silly audit   '@typescript-eslint/types': [ '6.21.0' ],
186 silly audit   '@typescript-eslint/typescript-estree': [ '6.21.0' ],
186 silly audit   'brace-expansion': [ '2.0.1', '1.1.11' ],
186 silly audit   minimatch: [ '9.0.3', '3.1.2', '9.0.5' ],
186 silly audit   '@typescript-eslint/visitor-keys': [ '6.21.0' ],
186 silly audit   acorn: [ '8.14.1' ],
186 silly audit   'acorn-jsx': [ '5.3.2' ],
186 silly audit   ajv: [ '6.12.6' ],
186 silly audit   'ansi-styles': [ '4.3.0', '6.2.1' ],
186 silly audit   antd: [ '5.8.6' ],
186 silly audit   'any-promise': [ '1.3.0' ],
186 silly audit   anymatch: [ '3.1.3' ],
186 silly audit   arg: [ '5.0.2' ],
186 silly audit   argparse: [ '2.0.1' ],
186 silly audit   'aria-query': [ '5.3.2' ],
186 silly audit   'array-buffer-byte-length': [ '1.0.2' ],
186 silly audit   'array-includes': [ '3.1.8' ],
186 silly audit   'array-tree-filter': [ '2.1.0' ],
186 silly audit   'array-union': [ '2.1.0' ],
186 silly audit   'array.prototype.findlast': [ '1.2.5' ],
186 silly audit   'array.prototype.findlastindex': [ '1.2.5' ],
186 silly audit   'array.prototype.flat': [ '1.3.3' ],
186 silly audit   'array.prototype.flatmap': [ '1.3.3' ],
186 silly audit   'array.prototype.tosorted': [ '1.1.4' ],
186 silly audit   'arraybuffer.prototype.slice': [ '1.0.4' ],
186 silly audit   'ast-types-flow': [ '0.0.8' ],
186 silly audit   'async-function': [ '1.0.0' ],
186 silly audit   'async-validator': [ '4.2.5' ],
186 silly audit   autoprefixer: [ '10.4.15' ],
186 silly audit   'available-typed-arrays': [ '1.0.7' ],
186 silly audit   'axe-core': [ '4.10.3' ],
186 silly audit   'axobject-query': [ '4.1.0' ],
186 silly audit   'balanced-match': [ '1.0.2' ],
186 silly audit   'binary-extensions': [ '2.3.0' ],
186 silly audit   braces: [ '3.0.3' ],
186 silly audit   browserslist: [ '4.24.4' ],
186 silly audit   busboy: [ '1.6.0' ],
186 silly audit   'call-bind': [ '1.0.8' ],
186 silly audit   'call-bind-apply-helpers': [ '1.0.2' ],
186 silly audit   'call-bound': [ '1.0.4' ],
186 silly audit   callsites: [ '3.1.0' ],
186 silly audit   'camelcase-css': [ '2.0.1' ],
186 silly audit   'caniuse-lite': [ '1.0.30001703' ],
186 silly audit   chalk: [ '4.1.2' ],
186 silly audit   chokidar: [ '3.6.0' ],
186 silly audit   'glob-parent': [ '5.1.2', '6.0.2' ],
186 silly audit   classnames: [ '2.5.1' ],
186 silly audit   'client-only': [ '0.0.1' ],
186 silly audit   'color-convert': [ '2.0.1' ],
186 silly audit   'color-name': [ '1.1.4' ],
186 silly audit   commander: [ '4.1.1' ],
186 silly audit   'compute-scroll-into-view': [ '3.1.1' ],
186 silly audit   'concat-map': [ '0.0.1' ],
186 silly audit   'copy-to-clipboard': [ '3.3.3' ],
186 silly audit   'cross-spawn': [ '7.0.6' ],
186 silly audit   cssesc: [ '3.0.0' ],
186 silly audit   csstype: [ '3.1.3' ],
186 silly audit   'damerau-levenshtein': [ '1.0.8' ],
186 silly audit   'data-view-buffer': [ '1.0.2' ],
186 silly audit   'data-view-byte-length': [ '1.0.2' ],
186 silly audit   'data-view-byte-offset': [ '1.0.1' ],
186 silly audit   dayjs: [ '1.11.13' ],
186 silly audit   debug: [ '4.4.0', '3.2.7' ],
186 silly audit   'deep-is': [ '0.1.4' ],
186 silly audit   'define-data-property': [ '1.1.4' ],
186 silly audit   'define-properties': [ '1.2.1' ],
186 silly audit   didyoumean: [ '1.2.2' ],
186 silly audit   'dir-glob': [ '3.0.1' ],
186 silly audit   dlv: [ '1.1.3' ],
186 silly audit   doctrine: [ '3.0.0', '2.1.0' ],
186 silly audit   'dunder-proto': [ '1.0.1' ],
186 silly audit   eastasianwidth: [ '0.2.0' ],
186 silly audit   'electron-to-chromium': [ '1.5.114' ],
186 silly audit   'emoji-regex': [ '9.2.2', '8.0.0' ],
186 silly audit   'enhanced-resolve': [ '5.18.1' ],
186 silly audit   'es-abstract': [ '1.23.9' ],
186 silly audit   'es-define-property': [ '1.0.1' ],
186 silly audit   'es-errors': [ '1.3.0' ],
186 silly audit   'es-iterator-helpers': [ '1.2.1' ],
186 silly audit   'es-object-atoms': [ '1.1.1' ],
186 silly audit   'es-set-tostringtag': [ '2.1.0' ],
186 silly audit   'es-shim-unscopables': [ '1.1.0' ],
186 silly audit   'es-to-primitive': [ '1.3.0' ],
186 silly audit   escalade: [ '3.2.0' ],
186 silly audit   'escape-string-regexp': [ '4.0.0' ],
186 silly audit   eslint: [ '8.49.0' ],
186 silly audit   'eslint-config-next': [ '13.4.19' ],
186 silly audit   'eslint-import-resolver-typescript': [ '3.8.3' ],
186 silly audit   'eslint-import-resolver-node': [ '0.3.9' ],
186 silly audit   'eslint-module-utils': [ '2.12.0' ],
186 silly audit   'eslint-plugin-import': [ '2.31.0' ],
186 silly audit   semver: [ '6.3.1', '7.7.1' ],
186 silly audit   'eslint-plugin-jsx-a11y': [ '6.10.2' ],
186 silly audit   'eslint-plugin-react': [ '7.37.4' ],
186 silly audit   'eslint-plugin-react-hooks': [ '5.0.0-canary-7118f5dd7-20230705' ],
186 silly audit   resolve: [ '2.0.0-next.5', '1.22.10' ],
186 silly audit   'eslint-scope': [ '7.2.2' ],
186 silly audit   'eslint-visitor-keys': [ '3.4.3' ],
186 silly audit   espree: [ '9.6.1' ],
186 silly audit   esquery: [ '1.6.0' ],
186 silly audit   esrecurse: [ '4.3.0' ],
186 silly audit   estraverse: [ '5.3.0' ],
186 silly audit   esutils: [ '2.0.3' ],
186 silly audit   'fast-deep-equal': [ '3.1.3' ],
186 silly audit   'fast-glob': [ '3.3.3' ],
186 silly audit   'fast-json-stable-stringify': [ '2.1.0' ],
186 silly audit   'fast-levenshtein': [ '2.0.6' ],
186 silly audit   fastq: [ '1.19.1' ],
186 silly audit   'file-entry-cache': [ '6.0.1' ],
186 silly audit   'fill-range': [ '7.1.1' ],
186 silly audit   'find-up': [ '5.0.0' ],
186 silly audit   'flat-cache': [ '3.2.0' ],
186 silly audit   flatted: [ '3.3.3' ],
186 silly audit   'for-each': [ '0.3.5' ],
186 silly audit   'foreground-child': [ '3.3.1' ],
186 silly audit   'fraction.js': [ '4.3.7' ],
186 silly audit   'framer-motion': [ '10.16.4' ],
186 silly audit   'fs.realpath': [ '1.0.0' ],
186 silly audit   fsevents: [ '2.3.3' ],
186 silly audit   'function-bind': [ '1.1.2' ],
186 silly audit   'function.prototype.name': [ '1.1.8' ],
186 silly audit   'functions-have-names': [ '1.2.3' ],
186 silly audit   'get-intrinsic': [ '1.3.0' ],
186 silly audit   'get-proto': [ '1.0.1' ],
186 silly audit   'get-symbol-description': [ '1.1.0' ],
186 silly audit   'get-tsconfig': [ '4.10.0' ],
186 silly audit   glob: [ '7.1.7', '10.4.5' ],
186 silly audit   'glob-to-regexp': [ '0.4.1' ],
186 silly audit   globals: [ '13.24.0' ],
186 silly audit   globalthis: [ '1.0.4' ],
186 silly audit   globby: [ '11.1.0' ],
186 silly audit   gopd: [ '1.2.0' ],
186 silly audit   'graceful-fs': [ '4.2.11' ],
186 silly audit   graphemer: [ '1.4.0' ],
186 silly audit   'has-bigints': [ '1.1.0' ],
186 silly audit   'has-flag': [ '4.0.0' ],
186 silly audit   'has-property-descriptors': [ '1.0.2' ],
186 silly audit   'has-proto': [ '1.2.0' ],
186 silly audit   'has-symbols': [ '1.1.0' ],
186 silly audit   'has-tostringtag': [ '1.0.2' ],
186 silly audit   hasown: [ '2.0.2' ],
186 silly audit   ignore: [ '5.3.2' ],
186 silly audit   'import-fresh': [ '3.3.1' ],
186 silly audit   imurmurhash: [ '0.1.4' ],
186 silly audit   inflight: [ '1.0.6' ],
186 silly audit   inherits: [ '2.0.4' ],
186 silly audit   'internal-slot': [ '1.1.0' ],
186 silly audit   'is-array-buffer': [ '3.0.5' ],
186 silly audit   'is-async-function': [ '2.1.1' ],
186 silly audit   'is-bigint': [ '1.1.0' ],
186 silly audit   'is-binary-path': [ '2.1.0' ],
186 silly audit   'is-boolean-object': [ '1.2.2' ],
186 silly audit   'is-bun-module': [ '1.3.0' ],
186 silly audit   'is-callable': [ '1.2.7' ],
186 silly audit   'is-core-module': [ '2.16.1' ],
186 silly audit   'is-data-view': [ '1.0.2' ],
186 silly audit   'is-date-object': [ '1.1.0' ],
186 silly audit   'is-extglob': [ '2.1.1' ],
186 silly audit   'is-finalizationregistry': [ '1.1.1' ],
186 silly audit   'is-fullwidth-code-point': [ '3.0.0' ],
186 silly audit   'is-generator-function': [ '1.1.0' ],
186 silly audit   'is-glob': [ '4.0.3' ],
186 silly audit   'is-map': [ '2.0.3' ],
186 silly audit   'is-number': [ '7.0.0' ],
186 silly audit   'is-number-object': [ '1.1.1' ],
186 silly audit   'is-path-inside': [ '3.0.3' ],
186 silly audit   'is-regex': [ '1.2.1' ],
186 silly audit   'is-set': [ '2.0.3' ],
186 silly audit   'is-shared-array-buffer': [ '1.0.4' ],
186 silly audit   'is-string': [ '1.1.1' ],
186 silly audit   'is-symbol': [ '1.1.1' ],
186 silly audit   'is-typed-array': [ '1.1.15' ],
186 silly audit   'is-weakmap': [ '2.0.2' ],
186 silly audit   'is-weakref': [ '1.1.1' ],
186 silly audit   'is-weakset': [ '2.0.4' ],
186 silly audit   isarray: [ '2.0.5' ],
186 silly audit   isexe: [ '2.0.0' ],
186 silly audit   'iterator.prototype': [ '1.1.5' ],
186 silly audit   jackspeak: [ '3.4.3' ],
186 silly audit   jiti: [ '1.21.7' ],
186 silly audit   'js-tokens': [ '4.0.0' ],
186 silly audit   'js-yaml': [ '4.1.0' ],
186 silly audit   'json-buffer': [ '3.0.1' ],
186 silly audit   'json-schema-traverse': [ '0.4.1' ],
186 silly audit   'json-stable-stringify-without-jsonify': [ '1.0.1' ],
186 silly audit   json2mq: [ '0.2.0' ],
186 silly audit   json5: [ '1.0.2' ],
186 silly audit   'jsx-ast-utils': [ '3.3.5' ],
186 silly audit   keyv: [ '4.5.4' ],
186 silly audit   'language-subtag-registry': [ '0.3.23' ],
186 silly audit   'language-tags': [ '1.0.9' ],
186 silly audit   levn: [ '0.4.1' ],
186 silly audit   lilconfig: [ '2.1.0', '3.1.3' ],
186 silly audit   'lines-and-columns': [ '1.2.4' ],
186 silly audit   'locate-path': [ '6.0.0' ],
186 silly audit   'lodash.merge': [ '4.6.2' ],
186 silly audit   'loose-envify': [ '1.4.0' ],
186 silly audit   'lru-cache': [ '10.4.3' ],
186 silly audit   'math-intrinsics': [ '1.1.0' ],
186 silly audit   merge2: [ '1.4.1' ],
186 silly audit   micromatch: [ '4.0.8' ],
186 silly audit   minimist: [ '1.2.8' ],
186 silly audit   minipass: [ '7.1.2' ],
186 silly audit   ms: [ '2.1.3' ],
186 silly audit   mz: [ '2.7.0' ],
186 silly audit   nanoid: [ '3.3.9' ],
186 silly audit   'natural-compare': [ '1.4.0' ],
186 silly audit   next: [ '13.4.19' ],
186 silly audit   postcss: [ '8.4.14', '8.4.29' ],
186 silly audit   'node-releases': [ '2.0.19' ],
186 silly audit   'normalize-path': [ '3.0.0' ],
186 silly audit   'normalize-range': [ '0.1.2' ],
186 silly audit   nprogress: [ '0.2.0' ],
186 silly audit   'object-assign': [ '4.1.1' ],
186 silly audit   'object-hash': [ '3.0.0' ],
186 silly audit   'object-inspect': [ '1.13.4' ],
186 silly audit   'object-keys': [ '1.1.1' ],
186 silly audit   'object.assign': [ '4.1.7' ],
186 silly audit   'object.entries': [ '1.1.8' ],
186 silly audit   'object.fromentries': [ '2.0.8' ],
186 silly audit   'object.groupby': [ '1.0.3' ],
186 silly audit   'object.values': [ '1.2.1' ],
186 silly audit   once: [ '1.4.0' ],
186 silly audit   optionator: [ '0.9.4' ],
186 silly audit   'own-keys': [ '1.0.1' ],
186 silly audit   'p-limit': [ '3.1.0' ],
186 silly audit   'p-locate': [ '5.0.0' ],
186 silly audit   'package-json-from-dist': [ '1.0.1' ],
186 silly audit   'parent-module': [ '1.0.1' ],
186 silly audit   'path-exists': [ '4.0.0' ],
186 silly audit   'path-is-absolute': [ '1.0.1' ],
186 silly audit   'path-key': [ '3.1.1' ],
186 silly audit   'path-parse': [ '1.0.7' ],
186 silly audit   'path-scurry': [ '1.11.1' ],
186 silly audit   'path-type': [ '4.0.0' ],
186 silly audit   picocolors: [ '1.1.1' ],
186 silly audit   picomatch: [ '2.3.1', '4.0.2' ],
186 silly audit   pify: [ '2.3.0' ],
186 silly audit   pirates: [ '4.0.6' ],
186 silly audit   'possible-typed-array-names': [ '1.1.0' ],
186 silly audit   'postcss-import': [ '15.1.0' ],
186 silly audit   'postcss-js': [ '4.0.1' ],
186 silly audit   'postcss-load-config': [ '4.0.2' ],
186 silly audit   'postcss-nested': [ '6.2.0' ],
186 silly audit   'postcss-selector-parser': [ '6.1.2' ],
186 silly audit   'postcss-value-parser': [ '4.2.0' ],
186 silly audit   'prelude-ls': [ '1.2.1' ],
186 silly audit   'prop-types': [ '15.8.1' ],
186 silly audit   punycode: [ '2.3.1' ],
186 silly audit   'qrcode.react': [ '3.2.0' ],
186 silly audit   'queue-microtask': [ '1.2.3' ],
186 silly audit   'rc-cascader': [ '3.14.1' ],
186 silly audit   'rc-checkbox': [ '3.1.0' ],
186 silly audit   'rc-collapse': [ '3.7.3' ],
186 silly audit   'rc-dialog': [ '9.1.0' ],
186 silly audit   'rc-drawer': [ '6.2.0' ],
186 silly audit   'rc-dropdown': [ '4.1.0' ],
186 silly audit   'rc-field-form': [ '1.36.2' ],
186 silly audit   'rc-image': [ '7.1.3' ],
186 silly audit   'rc-input': [ '1.1.1' ],
186 silly audit   'rc-input-number': [ '8.0.4' ],
186 silly audit   'rc-mentions': [ '2.5.0' ],
186 silly audit   'rc-menu': [ '9.10.0' ],
186 silly audit   'rc-motion': [ '2.9.5' ],
186 silly audit   'rc-notification': [ '5.1.1' ],
186 silly audit   'rc-overflow': [ '1.4.1' ],
186 silly audit   'rc-pagination': [ '3.6.1' ],
186 silly audit   'rc-picker': [ '3.13.2' ],
186 silly audit   'rc-progress': [ '3.4.2' ],
186 silly audit   'rc-rate': [ '2.12.0' ],
186 silly audit   'rc-resize-observer': [ '1.4.3' ],
186 silly audit   'rc-segmented': [ '2.2.2' ],
186 silly audit   'rc-select': [ '14.7.4' ],
186 silly audit   'rc-slider': [ '10.2.1' ],
186 silly audit   'rc-steps': [ '6.0.1' ],
186 silly audit   'rc-switch': [ '4.1.0' ],
186 silly audit   'rc-table': [ '7.32.3' ],
186 silly audit   'rc-tabs': [ '12.9.0' ],
186 silly audit   'rc-textarea': [ '1.3.4' ],
186 silly audit   'rc-tooltip': [ '6.0.1' ],
186 silly audit   'rc-tree': [ '5.7.12' ],
186 silly audit   'rc-tree-select': [ '5.11.2' ],
186 silly audit   'rc-upload': [ '4.3.6' ],
186 silly audit   'rc-util': [ '5.44.4' ],
186 silly audit   'react-is': [ '18.3.1', '16.13.1' ],
186 silly audit   'rc-virtual-list': [ '3.18.4' ],
186 silly audit   react: [ '18.2.0' ],
186 silly audit   'react-dom': [ '18.2.0' ],
186 silly audit   'react-swipeable': [ '7.0.1' ],
186 silly audit   'read-cache': [ '1.0.0' ],
186 silly audit   readdirp: [ '3.6.0' ],
186 silly audit   'reflect.getprototypeof': [ '1.0.10' ],
186 silly audit   'regenerator-runtime': [ '0.14.1' ],
186 silly audit   'regexp.prototype.flags': [ '1.5.4' ],
186 silly audit   'resize-observer-polyfill': [ '1.5.1' ],
186 silly audit   'resolve-from': [ '4.0.0' ],
186 silly audit   'resolve-pkg-maps': [ '1.0.0' ],
186 silly audit   reusify: [ '1.1.0' ],
186 silly audit   rimraf: [ '3.0.2' ],
186 silly audit   'run-parallel': [ '1.2.0' ],
186 silly audit   'safe-array-concat': [ '1.1.3' ],
186 silly audit   'safe-push-apply': [ '1.0.0' ],
186 silly audit   'safe-regex-test': [ '1.1.0' ],
186 silly audit   scheduler: [ '0.23.2' ],
186 silly audit   'scroll-into-view-if-needed': [ '3.1.0' ],
186 silly audit   'set-function-length': [ '1.2.2' ],
186 silly audit   'set-function-name': [ '2.0.2' ],
186 silly audit   'set-proto': [ '1.0.0' ],
186 silly audit   'shebang-command': [ '2.0.0' ],
186 silly audit   'shebang-regex': [ '3.0.0' ],
186 silly audit   'side-channel': [ '1.1.0' ],
186 silly audit   'side-channel-list': [ '1.0.0' ],
186 silly audit   'side-channel-map': [ '1.0.1' ],
186 silly audit   'side-channel-weakmap': [ '1.0.2' ],
186 silly audit   'signal-exit': [ '4.1.0' ],
186 silly audit   slash: [ '3.0.0' ],
186 silly audit   'source-map-js': [ '1.2.1' ],
186 silly audit   'stable-hash': [ '0.0.4' ],
186 silly audit   streamsearch: [ '1.1.0' ],
186 silly audit   'string-convert': [ '0.2.1' ],
186 silly audit   'string-width': [ '5.1.2', '4.2.3' ],
186 silly audit   'string.prototype.includes': [ '2.0.1' ],
186 silly audit   'string.prototype.matchall': [ '4.0.12' ],
186 silly audit   'string.prototype.repeat': [ '1.0.0' ],
186 silly audit   'string.prototype.trim': [ '1.2.10' ],
186 silly audit   'string.prototype.trimend': [ '1.0.9' ],
186 silly audit   'string.prototype.trimstart': [ '1.0.8' ],
186 silly audit   'strip-bom': [ '3.0.0' ],
186 silly audit   'strip-json-comments': [ '3.1.1', '2.0.1' ],
186 silly audit   'styled-jsx': [ '5.1.1' ],
186 silly audit   stylis: [ '4.3.6' ],
186 silly audit   sucrase: [ '3.35.0' ],
186 silly audit   'supports-color': [ '7.2.0' ],
186 silly audit   'supports-preserve-symlinks-flag': [ '1.0.0' ],
186 silly audit   swiper: [ '10.2.0' ],
186 silly audit   tailwindcss: [ '3.3.3' ],
186 silly audit   tapable: [ '2.2.1' ],
186 silly audit   'text-table': [ '0.2.0' ],
186 silly audit   thenify: [ '3.3.1' ],
186 silly audit   'thenify-all': [ '1.6.0' ],
186 silly audit   'throttle-debounce': [ '5.0.2' ],
186 silly audit   tinyglobby: [ '0.2.12' ],
186 silly audit   fdir: [ '6.4.3' ],
186 silly audit   'to-regex-range': [ '5.0.1' ],
186 silly audit   'toggle-selection': [ '1.0.6' ],
186 silly audit   'ts-api-utils': [ '1.4.3' ],
186 silly audit   'ts-interface-checker': [ '0.1.13' ],
186 silly audit   'tsconfig-paths': [ '3.15.0' ],
186 silly audit   tslib: [ '2.8.1' ],
186 silly audit   'type-check': [ '0.4.0' ],
186 silly audit   'type-fest': [ '0.20.2' ],
186 silly audit   'typed-array-buffer': [ '1.0.3' ],
186 silly audit   'typed-array-byte-length': [ '1.0.3' ],
186 silly audit   'typed-array-byte-offset': [ '1.0.4' ],
186 silly audit   'typed-array-length': [ '1.0.7' ],
186 silly audit   typescript: [ '5.8.2' ],
186 silly audit   'unbox-primitive': [ '1.1.0' ],
186 silly audit   'undici-types': [ '6.20.0' ],
186 silly audit   'update-browserslist-db': [ '1.1.3' ],
186 silly audit   'uri-js': [ '4.4.1' ],
186 silly audit   'util-deprecate': [ '1.0.2' ],
186 silly audit   watchpack: [ '2.4.0' ],
186 silly audit   which: [ '2.0.2' ],
186 silly audit   'which-boxed-primitive': [ '1.1.1' ],
186 silly audit   'which-builtin-type': [ '1.2.1' ],
186 silly audit   'which-collection': [ '1.0.2' ],
186 silly audit   'which-typed-array': [ '1.1.19' ],
186 silly audit   'word-wrap': [ '1.2.5' ],
186 silly audit   'wrap-ansi': [ '8.1.0', '7.0.0' ],
186 silly audit   wrappy: [ '1.0.2' ],
186 silly audit   yaml: [ '2.7.0' ],
186 silly audit   'yocto-queue': [ '0.1.0' ],
186 silly audit   zod: [ '3.21.4' ],
186 silly audit   bcryptjs: [ '2.4.3' ],
186 silly audit   'better-sqlite3': [ '8.7.0' ],
186 silly audit   bindings: [ '1.5.0' ],
186 silly audit   'prebuild-install': [ '7.1.3' ],
186 silly audit   'file-uri-to-path': [ '1.0.0' ],
186 silly audit   'detect-libc': [ '2.0.4' ],
186 silly audit   'expand-template': [ '2.0.3' ],
186 silly audit   'github-from-package': [ '0.0.0' ],
186 silly audit   'mkdirp-classic': [ '0.5.3' ],
186 silly audit   'napi-build-utils': [ '2.0.0' ],
186 silly audit   'node-abi': [ '3.75.0' ],
186 silly audit   pump: [ '3.0.3' ],
186 silly audit   rc: [ '1.2.8' ],
186 silly audit   'simple-get': [ '4.0.1' ],
186 silly audit   'tar-fs': [ '2.1.3' ],
186 silly audit   'tunnel-agent': [ '0.6.0' ],
186 silly audit   'end-of-stream': [ '1.4.5' ],
186 silly audit   'deep-extend': [ '0.6.0' ],
186 silly audit   ini: [ '1.3.8' ],
186 silly audit   'decompress-response': [ '6.0.0' ],
186 silly audit   'simple-concat': [ '1.0.1' ],
186 silly audit   'mimic-response': [ '3.1.0' ],
186 silly audit   chownr: [ '1.1.4' ],
186 silly audit   'tar-stream': [ '2.2.0' ],
186 silly audit   bl: [ '4.1.0' ],
186 silly audit   'fs-constants': [ '1.0.0' ],
186 silly audit   'readable-stream': [ '3.6.2' ],
186 silly audit   buffer: [ '5.7.1' ],
186 silly audit   'base64-js': [ '1.5.1' ],
186 silly audit   ieee754: [ '1.2.1' ],
186 silly audit   string_decoder: [ '1.3.0' ],
186 silly audit   'safe-buffer': [ '5.2.1' ]
186 silly audit }
187 verbose reify failed optional dependency E:\table\eenous\node_modules\fsevents
188 silly reify mark deleted [ 'E:\\table\\eenous\\node_modules\\fsevents' ]
189 verbose reify failed optional dependency E:\table\eenous\node_modules\@next\swc-win32-ia32-msvc
190 silly reify mark deleted [ 'E:\\table\\eenous\\node_modules\\@next\\swc-win32-ia32-msvc' ]
191 verbose reify failed optional dependency E:\table\eenous\node_modules\@next\swc-win32-arm64-msvc
192 silly reify mark deleted [ 'E:\\table\\eenous\\node_modules\\@next\\swc-win32-arm64-msvc' ]
193 verbose reify failed optional dependency E:\table\eenous\node_modules\@next\swc-linux-x64-musl
194 silly reify mark deleted [ 'E:\\table\\eenous\\node_modules\\@next\\swc-linux-x64-musl' ]
195 verbose reify failed optional dependency E:\table\eenous\node_modules\@next\swc-linux-x64-gnu
196 silly reify mark deleted [ 'E:\\table\\eenous\\node_modules\\@next\\swc-linux-x64-gnu' ]
197 verbose reify failed optional dependency E:\table\eenous\node_modules\@next\swc-linux-arm64-musl
198 silly reify mark deleted [ 'E:\\table\\eenous\\node_modules\\@next\\swc-linux-arm64-musl' ]
199 verbose reify failed optional dependency E:\table\eenous\node_modules\@next\swc-linux-arm64-gnu
200 silly reify mark deleted [ 'E:\\table\\eenous\\node_modules\\@next\\swc-linux-arm64-gnu' ]
201 verbose reify failed optional dependency E:\table\eenous\node_modules\@next\swc-darwin-x64
202 silly reify mark deleted [ 'E:\\table\\eenous\\node_modules\\@next\\swc-darwin-x64' ]
203 verbose reify failed optional dependency E:\table\eenous\node_modules\@next\swc-darwin-arm64
204 silly reify mark deleted [ 'E:\\table\\eenous\\node_modules\\@next\\swc-darwin-arm64' ]
205 http cache string_decoder@https://registry.npmmirror.com/string_decoder/-/string_decoder-1.3.0.tgz 0ms (cache hit)
206 http cache bl@https://registry.npmmirror.com/bl/-/bl-4.1.0.tgz 0ms (cache hit)
207 http cache fs-constants@https://registry.npmmirror.com/fs-constants/-/fs-constants-1.0.0.tgz 0ms (cache hit)
208 http cache ieee754@https://registry.npmmirror.com/ieee754/-/ieee754-1.2.1.tgz 0ms (cache hit)
209 http cache base64-js@https://registry.npmmirror.com/base64-js/-/base64-js-1.5.1.tgz 0ms (cache hit)
210 http cache buffer@https://registry.npmmirror.com/buffer/-/buffer-5.7.1.tgz 0ms (cache hit)
211 http cache tar-stream@https://registry.npmmirror.com/tar-stream/-/tar-stream-2.2.0.tgz 0ms (cache hit)
212 http cache readable-stream@https://registry.npmmirror.com/readable-stream/-/readable-stream-3.6.2.tgz 0ms (cache hit)
213 http cache decompress-response@https://registry.npmmirror.com/decompress-response/-/decompress-response-6.0.0.tgz 0ms (cache hit)
214 http cache chownr@https://registry.npmmirror.com/chownr/-/chownr-1.1.4.tgz 0ms (cache hit)
215 http cache simple-concat@https://registry.npmmirror.com/simple-concat/-/simple-concat-1.0.1.tgz 0ms (cache hit)
216 http cache ini@https://registry.npmmirror.com/ini/-/ini-1.3.8.tgz 0ms (cache hit)
217 http cache tunnel-agent@https://registry.npmmirror.com/tunnel-agent/-/tunnel-agent-0.6.0.tgz 0ms (cache hit)
218 http cache deep-extend@https://registry.npmmirror.com/deep-extend/-/deep-extend-0.6.0.tgz 0ms (cache hit)
219 http cache tar-fs@https://registry.npmmirror.com/tar-fs/-/tar-fs-2.1.3.tgz 0ms (cache hit)
220 http cache safe-buffer@https://registry.npmmirror.com/safe-buffer/-/safe-buffer-5.2.1.tgz 0ms (cache hit)
221 http cache mimic-response@https://registry.npmmirror.com/mimic-response/-/mimic-response-3.1.0.tgz 0ms (cache hit)
222 http cache end-of-stream@https://registry.npmmirror.com/end-of-stream/-/end-of-stream-1.4.5.tgz 0ms (cache hit)
223 http cache simple-get@https://registry.npmmirror.com/simple-get/-/simple-get-4.0.1.tgz 0ms (cache hit)
224 http cache napi-build-utils@https://registry.npmmirror.com/napi-build-utils/-/napi-build-utils-2.0.0.tgz 0ms (cache hit)
225 http cache rc@https://registry.npmmirror.com/rc/-/rc-1.2.8.tgz 0ms (cache hit)
226 http cache node-abi@https://registry.npmmirror.com/node-abi/-/node-abi-3.75.0.tgz 0ms (cache hit)
227 http cache pump@https://registry.npmmirror.com/pump/-/pump-3.0.3.tgz 0ms (cache hit)
228 http cache mkdirp-classic@https://registry.npmmirror.com/mkdirp-classic/-/mkdirp-classic-0.5.3.tgz 0ms (cache hit)
229 http cache expand-template@https://registry.npmmirror.com/expand-template/-/expand-template-2.0.3.tgz 0ms (cache hit)
230 http cache detect-libc@https://registry.npmmirror.com/detect-libc/-/detect-libc-2.0.4.tgz 0ms (cache hit)
231 http cache file-uri-to-path@https://registry.npmmirror.com/file-uri-to-path/-/file-uri-to-path-1.0.0.tgz 0ms (cache hit)
232 http cache github-from-package@https://registry.npmmirror.com/github-from-package/-/github-from-package-0.0.0.tgz 0ms (cache hit)
233 http cache strip-json-comments@https://registry.npmmirror.com/strip-json-comments/-/strip-json-comments-2.0.1.tgz 0ms (cache hit)
234 http cache bindings@https://registry.npmmirror.com/bindings/-/bindings-1.5.0.tgz 0ms (cache hit)
235 silly tarball no local data for string_decoder@https://registry.npmmirror.com/string_decoder/-/string_decoder-1.3.0.tgz. Extracting by manifest.
236 silly tarball no local data for bl@https://registry.npmmirror.com/bl/-/bl-4.1.0.tgz. Extracting by manifest.
237 silly tarball no local data for fs-constants@https://registry.npmmirror.com/fs-constants/-/fs-constants-1.0.0.tgz. Extracting by manifest.
238 silly tarball no local data for ieee754@https://registry.npmmirror.com/ieee754/-/ieee754-1.2.1.tgz. Extracting by manifest.
239 http cache prebuild-install@https://registry.npmmirror.com/prebuild-install/-/prebuild-install-7.1.3.tgz 0ms (cache hit)
240 silly tarball no local data for base64-js@https://registry.npmmirror.com/base64-js/-/base64-js-1.5.1.tgz. Extracting by manifest.
241 silly tarball no local data for buffer@https://registry.npmmirror.com/buffer/-/buffer-5.7.1.tgz. Extracting by manifest.
242 silly tarball no local data for tar-stream@https://registry.npmmirror.com/tar-stream/-/tar-stream-2.2.0.tgz. Extracting by manifest.
243 silly tarball no local data for readable-stream@https://registry.npmmirror.com/readable-stream/-/readable-stream-3.6.2.tgz. Extracting by manifest.
244 silly tarball no local data for decompress-response@https://registry.npmmirror.com/decompress-response/-/decompress-response-6.0.0.tgz. Extracting by manifest.
245 http cache bcryptjs@https://registry.npmmirror.com/bcryptjs/-/bcryptjs-2.4.3.tgz 0ms (cache hit)
246 silly tarball no local data for chownr@https://registry.npmmirror.com/chownr/-/chownr-1.1.4.tgz. Extracting by manifest.
247 http cache better-sqlite3@https://registry.npmmirror.com/better-sqlite3/-/better-sqlite3-8.7.0.tgz 0ms (cache hit)
248 silly tarball no local data for simple-concat@https://registry.npmmirror.com/simple-concat/-/simple-concat-1.0.1.tgz. Extracting by manifest.
249 silly tarball no local data for ini@https://registry.npmmirror.com/ini/-/ini-1.3.8.tgz. Extracting by manifest.
250 silly tarball no local data for tunnel-agent@https://registry.npmmirror.com/tunnel-agent/-/tunnel-agent-0.6.0.tgz. Extracting by manifest.
251 silly tarball no local data for deep-extend@https://registry.npmmirror.com/deep-extend/-/deep-extend-0.6.0.tgz. Extracting by manifest.
252 silly tarball no local data for tar-fs@https://registry.npmmirror.com/tar-fs/-/tar-fs-2.1.3.tgz. Extracting by manifest.
253 silly tarball no local data for safe-buffer@https://registry.npmmirror.com/safe-buffer/-/safe-buffer-5.2.1.tgz. Extracting by manifest.
254 silly tarball no local data for mimic-response@https://registry.npmmirror.com/mimic-response/-/mimic-response-3.1.0.tgz. Extracting by manifest.
255 silly tarball no local data for end-of-stream@https://registry.npmmirror.com/end-of-stream/-/end-of-stream-1.4.5.tgz. Extracting by manifest.
256 silly tarball no local data for simple-get@https://registry.npmmirror.com/simple-get/-/simple-get-4.0.1.tgz. Extracting by manifest.
257 silly tarball no local data for napi-build-utils@https://registry.npmmirror.com/napi-build-utils/-/napi-build-utils-2.0.0.tgz. Extracting by manifest.
258 silly tarball no local data for rc@https://registry.npmmirror.com/rc/-/rc-1.2.8.tgz. Extracting by manifest.
259 silly tarball no local data for node-abi@https://registry.npmmirror.com/node-abi/-/node-abi-3.75.0.tgz. Extracting by manifest.
260 silly tarball no local data for pump@https://registry.npmmirror.com/pump/-/pump-3.0.3.tgz. Extracting by manifest.
261 silly tarball no local data for mkdirp-classic@https://registry.npmmirror.com/mkdirp-classic/-/mkdirp-classic-0.5.3.tgz. Extracting by manifest.
262 silly tarball no local data for expand-template@https://registry.npmmirror.com/expand-template/-/expand-template-2.0.3.tgz. Extracting by manifest.
263 silly tarball no local data for detect-libc@https://registry.npmmirror.com/detect-libc/-/detect-libc-2.0.4.tgz. Extracting by manifest.
264 silly tarball no local data for file-uri-to-path@https://registry.npmmirror.com/file-uri-to-path/-/file-uri-to-path-1.0.0.tgz. Extracting by manifest.
265 silly tarball no local data for github-from-package@https://registry.npmmirror.com/github-from-package/-/github-from-package-0.0.0.tgz. Extracting by manifest.
266 silly tarball no local data for strip-json-comments@https://registry.npmmirror.com/strip-json-comments/-/strip-json-comments-2.0.1.tgz. Extracting by manifest.
267 silly tarball no local data for bindings@https://registry.npmmirror.com/bindings/-/bindings-1.5.0.tgz. Extracting by manifest.
268 silly tarball no local data for prebuild-install@https://registry.npmmirror.com/prebuild-install/-/prebuild-install-7.1.3.tgz. Extracting by manifest.
269 silly tarball no local data for bcryptjs@https://registry.npmmirror.com/bcryptjs/-/bcryptjs-2.4.3.tgz. Extracting by manifest.
270 silly tarball no local data for better-sqlite3@https://registry.npmmirror.com/better-sqlite3/-/better-sqlite3-8.7.0.tgz. Extracting by manifest.
271 http fetch POST 404 https://registry.npmmirror.com/-/npm/v1/security/advisories/bulk 151ms (cache skip)
272 silly audit bulk request failed [object Object]
273 http fetch POST 404 https://registry.npmmirror.com/-/npm/v1/security/audits/quick 39ms (cache skip)
274 verbose audit error HttpErrorGeneral: 404 Not Found - POST https://registry.npmmirror.com/-/npm/v1/security/audits/quick - [NOT_IMPLEMENTED] /-/npm/v1/security/* not implemented yet
274 verbose audit error     at C:\Program Files\nodejs\node_modules\npm\node_modules\npm-registry-fetch\lib\check-response.js:103:15
274 verbose audit error     at process.processTicksAndRejections (node:internal/process/task_queues:105:5)
274 verbose audit error     at async [getReport] (C:\Program Files\nodejs\node_modules\npm\node_modules\@npmcli\arborist\lib\audit-report.js:336:21)
274 verbose audit error     at async AuditReport.run (C:\Program Files\nodejs\node_modules\npm\node_modules\@npmcli\arborist\lib\audit-report.js:106:19) {
274 verbose audit error   headers: [Object: null prototype] {
274 verbose audit error     server: [ 'Tengine' ],
274 verbose audit error     date: [ 'Wed, 16 Jul 2025 10:13:50 GMT' ],
274 verbose audit error     'content-type': [ 'application/json' ],
274 verbose audit error     'transfer-encoding': [ 'chunked' ],
274 verbose audit error     connection: [ 'keep-alive' ],
274 verbose audit error     'strict-transport-security': [ 'max-age=5184000' ],
274 verbose audit error     via: [ 'kunlun6.cn6945[,404666]' ],
274 verbose audit error     'timing-allow-origin': [ '*' ],
274 verbose audit error     eagleid: [ '9923ad1a17526608302711350e' ],
274 verbose audit error     'x-fetch-attempts': [ '1' ],
274 verbose audit error     'x-local-cache-status': [ 'skip' ]
274 verbose audit error   },
274 verbose audit error   statusCode: 404,
274 verbose audit error   code: 'E404',
274 verbose audit error   method: 'POST',
274 verbose audit error   uri: 'https://registry.npmmirror.com/-/npm/v1/security/audits/quick',
274 verbose audit error   body: {
274 verbose audit error     error: '[NOT_IMPLEMENTED] /-/npm/v1/security/* not implemented yet'
274 verbose audit error   },
274 verbose audit error   pkgid: undefined
274 verbose audit error }
275 silly audit error [object Object]
276 silly audit report null
277 http fetch GET 200 https://cdn.npmmirror.com/packages/string_decoder/1.3.0/string_decoder-1.3.0.tgz 475ms (cache miss)
278 http fetch GET 200 https://cdn.npmmirror.com/packages/tar-fs/2.1.3/tar-fs-2.1.3.tgz 472ms (cache miss)
279 http fetch GET 200 https://cdn.npmmirror.com/packages/simple-concat/1.0.1/simple-concat-1.0.1.tgz 474ms (cache miss)
280 http fetch GET 200 https://cdn.npmmirror.com/packages/decompress-response/6.0.0/decompress-response-6.0.0.tgz 477ms (cache miss)
281 http fetch GET 200 https://cdn.npmmirror.com/packages/fs-constants/1.0.0/fs-constants-1.0.0.tgz 479ms (cache miss)
282 http fetch GET 200 https://cdn.npmmirror.com/packages/rc/1.2.8/rc-1.2.8.tgz 476ms (cache miss)
283 http fetch GET 200 https://cdn.npmmirror.com/packages/mkdirp-classic/0.5.3/mkdirp-classic-0.5.3.tgz 476ms (cache miss)
284 http fetch GET 200 https://cdn.npmmirror.com/packages/ieee754/1.2.1/ieee754-1.2.1.tgz 484ms (cache miss)
285 http fetch GET 200 https://cdn.npmmirror.com/packages/chownr/1.1.4/chownr-1.1.4.tgz 482ms (cache miss)
286 http fetch GET 200 https://cdn.npmmirror.com/packages/end-of-stream/1.4.5/end-of-stream-1.4.5.tgz 482ms (cache miss)
287 http fetch GET 200 https://cdn.npmmirror.com/packages/tunnel-agent/0.6.0/tunnel-agent-0.6.0.tgz 485ms (cache miss)
288 http fetch GET 200 https://cdn.npmmirror.com/packages/strip-json-comments/2.0.1/strip-json-comments-2.0.1.tgz 482ms (cache miss)
289 http fetch GET 200 https://cdn.npmmirror.com/packages/safe-buffer/5.2.1/safe-buffer-5.2.1.tgz 487ms (cache miss)
290 http fetch GET 200 https://cdn.npmmirror.com/packages/node-abi/3.75.0/node-abi-3.75.0.tgz 485ms (cache miss)
291 http fetch GET 200 https://cdn.npmmirror.com/packages/base64-js/1.5.1/base64-js-1.5.1.tgz 491ms (cache miss)
292 http fetch GET 200 https://cdn.npmmirror.com/packages/ini/1.3.8/ini-1.3.8.tgz 489ms (cache miss)
293 http fetch GET 200 https://cdn.npmmirror.com/packages/bindings/1.5.0/bindings-1.5.0.tgz 488ms (cache miss)
294 http fetch GET 200 https://cdn.npmmirror.com/packages/pump/3.0.3/pump-3.0.3.tgz 490ms (cache miss)
295 http fetch GET 200 https://cdn.npmmirror.com/packages/github-from-package/0.0.0/github-from-package-0.0.0.tgz 490ms (cache miss)
296 http fetch GET 200 https://cdn.npmmirror.com/packages/napi-build-utils/2.0.0/napi-build-utils-2.0.0.tgz 494ms (cache miss)
297 http fetch GET 200 https://cdn.npmmirror.com/packages/expand-template/2.0.3/expand-template-2.0.3.tgz 495ms (cache miss)
298 http fetch GET 200 https://cdn.npmmirror.com/packages/file-uri-to-path/1.0.0/file-uri-to-path-1.0.0.tgz 495ms (cache miss)
299 http fetch GET 200 https://cdn.npmmirror.com/packages/mimic-response/3.1.0/mimic-response-3.1.0.tgz 501ms (cache miss)
300 http fetch GET 200 https://cdn.npmmirror.com/packages/simple-get/4.0.1/simple-get-4.0.1.tgz 506ms (cache miss)
301 http fetch GET 200 https://cdn.npmmirror.com/packages/buffer/5.7.1/buffer-5.7.1.tgz 511ms (cache miss)
302 http fetch GET 200 https://cdn.npmmirror.com/packages/deep-extend/0.6.0/deep-extend-0.6.0.tgz 508ms (cache miss)
303 http fetch GET 200 https://cdn.npmmirror.com/packages/detect-libc/2.0.4/detect-libc-2.0.4.tgz 507ms (cache miss)
304 http fetch GET 200 https://cdn.npmmirror.com/packages/tar-stream/2.2.0/tar-stream-2.2.0.tgz 513ms (cache miss)
305 http fetch GET 200 https://cdn.npmmirror.com/packages/bl/4.1.0/bl-4.1.0.tgz 528ms (cache miss)
306 http fetch GET 200 https://cdn.npmmirror.com/packages/prebuild-install/7.1.3/prebuild-install-7.1.3.tgz 530ms (cache miss)
307 http fetch GET 200 https://cdn.npmmirror.com/packages/readable-stream/3.6.2/readable-stream-3.6.2.tgz 559ms (cache miss)
308 http fetch GET 200 https://cdn.npmmirror.com/packages/bcryptjs/2.4.3/bcryptjs-2.4.3.tgz 562ms (cache miss)
309 http fetch GET 200 https://cdn.npmmirror.com/packages/better-sqlite3/8.7.0/better-sqlite3-8.7.0.tgz 736ms (cache miss)
310 info run better-sqlite3@8.7.0 install node_modules/better-sqlite3 prebuild-install || node-gyp rebuild --release
311 info run better-sqlite3@8.7.0 install { code: 1, signal: null }
312 verbose stack Error: command failed
312 verbose stack     at promiseSpawn (C:\Program Files\nodejs\node_modules\npm\node_modules\@npmcli\promise-spawn\lib\index.js:22:22)
312 verbose stack     at spawnWithShell (C:\Program Files\nodejs\node_modules\npm\node_modules\@npmcli\promise-spawn\lib\index.js:124:10)
312 verbose stack     at promiseSpawn (C:\Program Files\nodejs\node_modules\npm\node_modules\@npmcli\promise-spawn\lib\index.js:12:12)
312 verbose stack     at runScriptPkg (C:\Program Files\nodejs\node_modules\npm\node_modules\@npmcli\run-script\lib\run-script-pkg.js:77:13)
312 verbose stack     at runScript (C:\Program Files\nodejs\node_modules\npm\node_modules\@npmcli\run-script\lib\run-script.js:9:12)
312 verbose stack     at C:\Program Files\nodejs\node_modules\npm\node_modules\@npmcli\arborist\lib\arborist\rebuild.js:329:17
312 verbose stack     at run (C:\Program Files\nodejs\node_modules\npm\node_modules\promise-call-limit\dist\commonjs\index.js:67:22)
312 verbose stack     at C:\Program Files\nodejs\node_modules\npm\node_modules\promise-call-limit\dist\commonjs\index.js:84:9
312 verbose stack     at new Promise (<anonymous>)
312 verbose stack     at callLimit (C:\Program Files\nodejs\node_modules\npm\node_modules\promise-call-limit\dist\commonjs\index.js:35:69)
313 verbose pkgid better-sqlite3@8.7.0
314 error code 1
315 error path E:\table\eenous\node_modules\better-sqlite3
316 error command failed
317 error command C:\Windows\system32\cmd.exe /d /s /c prebuild-install || node-gyp rebuild --release
318 error prebuild-install warn install read ECONNRESET
318 error gyp info it worked if it ends with ok
318 error gyp info using node-gyp@11.0.0
318 error gyp info using node@23.10.0 | win32 | x64
318 error gyp info find Python using Python version 3.13.5 found at "C:\Users\zhoukai\AppData\Local\Programs\Python\Python313\python.exe"
318 error gyp http GET https://nodejs.org/download/release/v23.10.0/node-v23.10.0-headers.tar.gz
318 error gyp http 200 https://nodejs.org/download/release/v23.10.0/node-v23.10.0-headers.tar.gz
318 error gyp http GET https://nodejs.org/download/release/v23.10.0/SHASUMS256.txt
318 error gyp http GET https://nodejs.org/download/release/v23.10.0/win-x64/node.lib
318 error gyp http 200 https://nodejs.org/download/release/v23.10.0/SHASUMS256.txt
318 error gyp http 200 https://nodejs.org/download/release/v23.10.0/win-x64/node.lib
318 error gyp ERR! find VS 
318 error gyp ERR! find VS msvs_version not set from command line or npm config
318 error gyp ERR! find VS VCINSTALLDIR not set, not running in VS Command Prompt
318 error gyp ERR! find VS could not use PowerShell to find Visual Studio 2017 or newer, try re-running with '--loglevel silly' for more details.
318 error gyp ERR! find VS 
318 error gyp ERR! find VS Failure details: undefined
318 error gyp ERR! find VS could not use PowerShell to find Visual Studio 2017 or newer, try re-running with '--loglevel silly' for more details.
318 error gyp ERR! find VS 
318 error gyp ERR! find VS Failure details: undefined
318 error gyp ERR! find VS not looking for VS2017 as it is only supported up to Node.js 21
318 error gyp ERR! find VS not looking for VS2017 as it is only supported up to Node.js 21
318 error gyp ERR! find VS not looking for VS2017 as it is only supported up to Node.js 21
318 error gyp ERR! find VS not looking for VS2015 as it is only supported up to Node.js 18
318 error gyp ERR! find VS not looking for VS2013 as it is only supported up to Node.js 8
318 error gyp ERR! find VS 
318 error gyp ERR! find VS **************************************************************
318 error gyp ERR! find VS You need to install the latest version of Visual Studio
318 error gyp ERR! find VS including the "Desktop development with C++" workload.
318 error gyp ERR! find VS For more information consult the documentation at:
318 error gyp ERR! find VS https://github.com/nodejs/node-gyp#on-windows
318 error gyp ERR! find VS **************************************************************
318 error gyp ERR! find VS 
318 error gyp ERR! configure error 
318 error gyp ERR! stack Error: Could not find any Visual Studio installation to use
318 error gyp ERR! stack at VisualStudioFinder.fail (C:\Program Files\nodejs\node_modules\npm\node_modules\node-gyp\lib\find-visualstudio.js:118:11)
318 error gyp ERR! stack at VisualStudioFinder.findVisualStudio (C:\Program Files\nodejs\node_modules\npm\node_modules\node-gyp\lib\find-visualstudio.js:74:17)
318 error gyp ERR! stack at process.processTicksAndRejections (node:internal/process/task_queues:105:5)
318 error gyp ERR! stack at async createBuildDir (C:\Program Files\nodejs\node_modules\npm\node_modules\node-gyp\lib\configure.js:112:18)
318 error gyp ERR! stack at async run (C:\Program Files\nodejs\node_modules\npm\node_modules\node-gyp\bin\node-gyp.js:81:18)
318 error gyp ERR! System Windows_NT 10.0.26100
318 error gyp ERR! command "C:\\Program Files\\nodejs\\node.exe" "C:\\Program Files\\nodejs\\node_modules\\npm\\node_modules\\node-gyp\\bin\\node-gyp.js" "rebuild" "--release"
318 error gyp ERR! cwd E:\table\eenous\node_modules\better-sqlite3
318 error gyp ERR! node -v v23.10.0
318 error gyp ERR! node-gyp -v v11.0.0
318 error gyp ERR! not ok
319 silly unfinished npm timer reify 1752660827684
320 silly unfinished npm timer reify:build 1752660829873
321 silly unfinished npm timer build 1752660829874
322 silly unfinished npm timer build:deps 1752660829875
323 silly unfinished npm timer build:run:install 1752660829885
324 silly unfinished npm timer build:run:install:node_modules/better-sqlite3 1752660829885
325 verbose cwd E:\table\eenous
326 verbose os Windows_NT 10.0.26100
327 verbose node v23.10.0
328 verbose npm  v10.9.2
329 notice
329 notice New [31mmajor[39m version of npm available! [31m10.9.2[39m -> [34m11.4.2[39m
329 notice Changelog: [34mhttps://github.com/npm/cli/releases/tag/v11.4.2[39m
329 notice To update run: [4mnpm install -g npm@11.4.2[24m
329 notice  { force: true, [Symbol(proc-log.meta)]: true }
330 verbose exit 1
331 verbose code 1
332 error A complete log of this run can be found in: E:\table\eenous\npm-cache\_logs\2025-07-16T10_13_47_213Z-debug-0.log
